#-----------------------------------------------------------
# Vivado v2025.1 (64-bit)
# SW Build 6140274 on Thu May 22 00:12:29 MDT 2025
# IP Build 6138677 on Thu May 22 03:10:11 MDT 2025
# SharedData Build 6139179 on Tue May 20 17:58:58 MDT 2025
# Start of session at: Sun Sep 21 11:40:02 2025
# Process ID         : 40604
# Current directory  : F:/Haoyang_Sun/experiments/lab2-ex/synth_1
# Command line       : vivado.exe -log design_1_wrapper.vds -product Vivado -mode batch -messageDb vivado.pb -notrace -source design_1_wrapper.tcl
# Log file           : F:/Haoyang_Sun/experiments/lab2-ex/synth_1/design_1_wrapper.vds
# Journal file       : F:/Haoyang_Sun/experiments/lab2-ex/synth_1\vivado.jou
# Running On         : SKULL
# Platform           : Windows Server 2016 or Windows 10
# Operating System   : 26100
# Processor Detail   : Intel(R) Core(TM) i9-14900HX
# CPU Frequency      : 2419 MHz
# CPU Physical cores : 24
# CPU Logical cores  : 32
# Host memory        : 16890 MB
# Swap memory        : 12884 MB
# Total Virtual      : 29775 MB
# Available Virtual  : 10375 MB
#-----------------------------------------------------------
source design_1_wrapper.tcl -notrace
