#-----------------------------------------------------------
# Vivado v2024.2 (64-bit)
# SW Build 5239630 on Fri Nov 08 22:35:27 MST 2024
# IP Build 5239520 on Sun Nov 10 16:12:51 MST 2024
# SharedData Build 5239561 on Fri Nov 08 14:39:27 MST 2024
# Start of session at: Sun Nov 30 16:59:58 2025
# Process ID         : 22300
# Current directory  : F:/Haoyang_Sun/experiments/labs/lab11
# Command line       : vivado.exe -gui_launcher_event rodinguilauncherevent6784 F:\Haoyang_Sun\experiments\labs\lab11\lab11.xpr
# Log file           : F:/Haoyang_Sun/experiments/labs/lab11/vivado.log
# Journal file       : F:/Haoyang_Sun/experiments/labs/lab11\vivado.jou
# Running On         : SKULL
# Platform           : Windows Server 2016 or Windows 10
# Operating System   : 26200
# Processor Detail   : Intel(R) Core(TM) i9-14900HX
# CPU Frequency      : 2419 MHz
# CPU Physical cores : 24
# CPU Logical cores  : 32
# Host memory        : 16890 MB
# Swap memory        : 8053 MB
# Total Virtual      : 24943 MB
# Available Virtual  : 6921 MB
#-----------------------------------------------------------
start_gui
open_project F:/Haoyang_Sun/experiments/labs/lab11/lab11.xpr
Scanning sources...
Finished scanning sources
INFO: [IP_Flow 19-234] Refreshing IP repositories
INFO: [IP_Flow 19-1700] Loaded user IP repository 'f:/Haoyang_Sun/experiments/ip_repo'.
INFO: [IP_Flow 19-1700] Loaded user IP repository 'f:/Haoyang_Sun/experiments/cg_fpga_slim_1_4'.
INFO: [IP_Flow 19-2313] Loaded Vivado IP repository 'E:/vivado/Vivado/2024.2/data/ip'.
INFO: [Project 1-5579] Found utility IPs instantiated in one or more block designs which have equivalent inline hdl with improved performance and reduced diskspace. It is recommended to migrate these utility IPs to inline hdl using the command upgrade_project -migrate_to_inline_hdl. The utility IPs may be deprecated in future releases. More information on inline hdl is available in UG994.
open_project: Time (s): cpu = 00:00:16 ; elapsed = 00:00:12 . Memory (MB): peak = 1297.508 ; gain = 171.469
exit
INFO: [Common 17-206] Exiting Vivadoopen_bd_design {F:/Haoyang_Sun/experiments/labs/lab11/lab11.srcs/sources_1/bd/design_1/design_1.bd}
Reading block design file <F:/Haoyang_Sun/experiments/labs/lab11/lab11.srcs/sources_1/bd/design_1/design_1.bd>...
Adding component instance block -- educg.net:user:cg_fpga:1.4 - cg_fpga_0
Adding component instance block -- xilinx.com:module_ref:ram_dp1_256x8:1.0 - ram_dp1_256x8_0
Adding component instance block -- xilinx.com:module_ref:ram_dp1_256x8:1.0 - ram_dp1_256x8_1
Adding component instance block -- xilinx.com:module_ref:ram_dp1_256x8:1.0 - ram_dp1_256x8_2
Adding component instance block -- xilinx.com:module_ref:ram_dp1_256x8:1.0 - ram_dp1_256x8_3
Adding component instance block -- xilinx.com:module_ref:adpt_in:1.0 - adpt_in_0
Adding component instance block -- xilinx.com:module_ref:adpt_out:1.0 - adpt_out_0
Adding component instance block -- xilinx.com:module_ref:decoder_74139:1.0 - decoder_74139_0
Adding component instance block -- xilinx.com:module_ref:mux4_1_8bits:1.0 - mux4_1_8bits_0
Adding component instance block -- xilinx.com:module_ref:split_4bits:1.0 - split_4bits_0
Adding component instance block -- xilinx.com:ip:xlconstant:1.1 - xlconstant_0
Adding component instance block -- xilinx.com:module_ref:and2:1.0 - and2_0
Adding component instance block -- xilinx.com:module_ref:and2:1.0 - and2_1
Adding component instance block -- xilinx.com:module_ref:and2:1.0 - and2_2
Adding component instance block -- xilinx.com:module_ref:and2:1.0 - and2_3
Adding component instance block -- xilinx.com:module_ref:not1:1.0 - not1_0
Adding component instance block -- xilinx.com:module_ref:not1:1.0 - not1_1
Adding component instance block -- xilinx.com:module_ref:not1:1.0 - not1_2
Adding component instance block -- xilinx.com:module_ref:not1:1.0 - not1_3
Successfully read diagram <design_1> from block design file <F:/Haoyang_Sun/experiments/labs/lab11/lab11.srcs/sources_1/bd/design_1/design_1.bd>
exit
INFO: [Common 17-206] Exiting Vivado at Sun Nov 30 17:01:21 2025...
