#-----------------------------------------------------------
# Vivado v2024.2 (64-bit)
# SW Build 5239630 on Fri Nov 08 22:35:27 MST 2024
# IP Build 5239520 on Sun Nov 10 16:12:51 MST 2024
# SharedData Build 5239561 on Fri Nov 08 14:39:27 MST 2024
# Start of session at: Mon Dec 22 00:27:34 2025
# Process ID         : 48196
# Current directory  : F:/Haoyang_Sun/experiments/labs/lab14
# Command line       : vivado.exe -gui_launcher_event rodinguilauncherevent39920 F:\Haoyang_Sun\experiments\labs\lab14\lab14.xpr
# Log file           : F:/Haoyang_Sun/experiments/labs/lab14/vivado.log
# Journal file       : F:/Haoyang_Sun/experiments/labs/lab14\vivado.jou
# Running On         : SKULL
# Platform           : Windows Server 2016 or Windows 10
# Operating System   : 26200
# Processor Detail   : Intel(R) Core(TM) i9-14900HX
# CPU Frequency      : 2419 MHz
# CPU Physical cores : 24
# CPU Logical cores  : 32
# Host memory        : 16890 MB
# Swap memory        : 12275 MB
# Total Virtual      : 29166 MB
# Available Virtual  : 16347 MB
#-----------------------------------------------------------
start_gui
open_project F:/Haoyang_Sun/experiments/labs/lab14/lab14.xpr
Scanning sources...
Finished scanning sources
INFO: [IP_Flow 19-234] Refreshing IP repositories
INFO: [IP_Flow 19-1700] Loaded user IP repository 'f:/Haoyang_Sun/experiments/cg_fpga_slim_1_4'.
INFO: [IP_Flow 19-1700] Loaded user IP repository 'f:/Haoyang_Sun/experiments/ip_repo'.
INFO: [IP_Flow 19-2313] Loaded Vivado IP repository 'E:/vivado/Vivado/2024.2/data/ip'.
INFO: [Project 1-5579] Found utility IPs instantiated in one or more block designs which have equivalent inline hdl with improved performance and reduced diskspace. It is recommended to migrate these utility IPs to inline hdl using the command upgrade_project -migrate_to_inline_hdl. The utility IPs may be deprecated in future releases. More information on inline hdl is available in UG994.
update_compile_order -fileset sources_1
open_bd_design {F:/Haoyang_Sun/experiments/labs/lab14/lab14.srcs/sources_1/bd/design_1/design_1.bd}
Reading block design file <F:/Haoyang_Sun/experiments/labs/lab14/lab14.srcs/sources_1/bd/design_1/design_1.bd>...
Adding component instance block -- educg.net:user:cg_fpga:1.4 - cg_fpga_0
Adding component instance block -- xilinx.com:module_ref:adpt_in:1.0 - adpt_in_0
Adding component instance block -- xilinx.com:module_ref:adpt_out:1.0 - adpt_out_0
Adding component instance block -- xilinx.com:module_ref:m74LS161:1.0 - m74LS161_0
Adding component instance block -- xilinx.com:ip:xlconstant:1.1 - xlconstant_0
Adding component instance block -- xilinx.com:module_ref:addr_adpt:1.0 - addr_adpt_0
Adding component instance block -- xilinx.com:ip:xlconstant:1.1 - xlconstant_1
Adding component instance block -- xilinx.com:module_ref:rom1_256x24:1.0 - rom1_256x24_0
Adding component instance block -- xilinx.com:module_ref:ICR:1.0 - ICR_IRD
Adding component instance block -- xilinx.com:module_ref:ICR:1.0 - ICR_IRC
Adding component instance block -- xilinx.com:module_ref:unpack16:1.0 - unpack16_0
Adding component instance block -- xilinx.com:module_ref:ICR:1.0 - R0
Adding component instance block -- xilinx.com:module_ref:ICR:1.0 - R1
Adding component instance block -- xilinx.com:module_ref:ICR:1.0 - R2
Adding component instance block -- xilinx.com:module_ref:and2:1.0 - and2_0
Adding component instance block -- xilinx.com:module_ref:unpack_ctrl8:1.0 - unpack_ctrl8_0
Adding component instance block -- xilinx.com:module_ref:and2:1.0 - and2_1
Adding component instance block -- xilinx.com:module_ref:and2:1.0 - and2_2
Adding component instance block -- xilinx.com:module_ref:adder8:1.0 - adder8_0
Adding component instance block -- xilinx.com:module_ref:unpack8:1.0 - unpack8_0
Adding component instance block -- xilinx.com:module_ref:unpack8:1.0 - unpack8_1
Adding component instance block -- xilinx.com:module_ref:unpack8:1.0 - unpack8_2
Adding component instance block -- xilinx.com:ip:xlconcat:2.1 - xlconcat_0
Adding component instance block -- xilinx.com:module_ref:shifter8:1.0 - shifter8_0
Successfully read diagram <design_1> from block design file <F:/Haoyang_Sun/experiments/labs/lab14/lab14.srcs/sources_1/bd/design_1/design_1.bd>
reset_run impl_1 -prev_step 
launch_runs impl_1 -to_step write_bitstream -jobs 16
INFO: [Vivado 12-4149] The synthesis checkpoint for IP 'F:/Haoyang_Sun/experiments/labs/lab14/lab14.srcs/sources_1/ip/rom1/rom1.xci' is already up-to-date
[Mon Dec 22 00:29:36 2025] Launched impl_1...
Run output will be captured here: F:/Haoyang_Sun/experiments/labs/lab14/impl_1/runme.log
open_run impl_1
INFO: [Device 21-403] Loading part xc7z020clg400-1
Netlist sorting complete. Time (s): cpu = 00:00:00 ; elapsed = 00:00:00.155 . Memory (MB): peak = 1616.484 ; gain = 0.000
INFO: [Netlist 29-17] Analyzing 120 Unisim elements for replacement
INFO: [Netlist 29-28] Unisim Transformation completed in 0 CPU seconds
INFO: [Project 1-479] Netlist was created with Vivado 2024.2
INFO: [Project 1-570] Preparing netlist for logic optimization
Read ShapeDB Complete: Time (s): cpu = 00:00:00 ; elapsed = 00:00:00.027 . Memory (MB): peak = 1747.273 ; gain = 3.609
INFO: [Timing 38-478] Restoring timing data from binary archive.
INFO: [Timing 38-479] Binary timing data restore complete.
INFO: [Project 1-856] Restoring constraints from binary archive.
INFO: [Project 1-853] Binary constraint restore complete.
INFO: [Designutils 20-5722] Start Reading Physical Databases.
Reading placement.
Read Netlist Cache: Time (s): cpu = 00:00:00 ; elapsed = 00:00:00.011 . Memory (MB): peak = 2365.137 ; gain = 0.000
Reading placer database...
Read Device Cache: Time (s): cpu = 00:00:00 ; elapsed = 00:00:00.015 . Memory (MB): peak = 2365.137 ; gain = 0.000
Read PlaceDB: Time (s): cpu = 00:00:01 ; elapsed = 00:00:00.603 . Memory (MB): peak = 2365.137 ; gain = 0.000
Read PulsedLatchDB: Time (s): cpu = 00:00:00 ; elapsed = 00:00:00 . Memory (MB): peak = 2365.137 ; gain = 0.000
Reading routing.
Read RouteStorage: Time (s): cpu = 00:00:00 ; elapsed = 00:00:00.133 . Memory (MB): peak = 2365.137 ; gain = 0.000
Read Physdb Files: Time (s): cpu = 00:00:01 ; elapsed = 00:00:00.784 . Memory (MB): peak = 2365.137 ; gain = 0.000
Restored from archive | CPU: 2.000000 secs | Memory: 0.000000 MB |
Finished XDEF File Restore: Time (s): cpu = 00:00:01 ; elapsed = 00:00:00.784 . Memory (MB): peak = 2365.137 ; gain = 0.000
Netlist sorting complete. Time (s): cpu = 00:00:00 ; elapsed = 00:00:00.004 . Memory (MB): peak = 2365.137 ; gain = 0.000
INFO: [Project 1-111] Unisim Transformation Summary:
  A total of 6 instances were transformed.
  RAM32M => RAM32M (RAMD32(x6), RAMS32(x2)): 3 instances
  SRLC32E => SRL16E: 3 instances

open_run: Time (s): cpu = 00:00:25 ; elapsed = 00:00:18 . Memory (MB): peak = 2933.129 ; gain = 1434.730
open_report: Time (s): cpu = 00:00:10 ; elapsed = 00:00:09 . Memory (MB): peak = 2939.129 ; gain = 5.242
WARNING: [Timing 38-436] There are set_bus_skew constraint(s) in this design. Please run report_bus_skew to ensure that bus skew requirements are met.
open_bd_design {F:/Haoyang_Sun/experiments/labs/lab14/lab14.srcs/sources_1/bd/design_1/design_1.bd}
exit
INFO: [Common 17-206] Exiting Vivado at Mon Dec 22 00:37:52 2025...
