#-----------------------------------------------------------
# Vivado v2024.2 (64-bit)
# SW Build 5239630 on Fri Nov 08 22:35:27 MST 2024
# IP Build 5239520 on Sun Nov 10 16:12:51 MST 2024
# SharedData Build 5239561 on Fri Nov 08 14:39:27 MST 2024
# Start of session at: Mon Nov 24 10:46:43 2025
# Process ID         : 6092
# Current directory  : D:/vivadoRepo/lab10
# Command line       : vivado.exe -gui_launcher_event rodinguilauncherevent8640 D:\vivadoRepo\lab10\lab10.xpr
# Log file           : D:/vivadoRepo/lab10/vivado.log
# Journal file       : D:/vivadoRepo/lab10\vivado.jou
# Running On         : vj5PC50
# Platform           : Windows Server 2016 or Windows 10
# Operating System   : 19042
# Processor Detail   : 12th Gen Intel(R) Core(TM) i5-12600
# CPU Frequency      : 3302 MHz
# CPU Physical cores : 6
# CPU Logical cores  : 12
# Host memory        : 16853 MB
# Swap memory        : 1342 MB
# Total Virtual      : 18195 MB
# Available Virtual  : 11330 MB
#-----------------------------------------------------------
start_gui
