#-----------------------------------------------------------
# Vivado v2024.2 (64-bit)
# SW Build 5239630 on Fri Nov 08 22:35:27 MST 2024
# IP Build 5239520 on Sun Nov 10 16:12:51 MST 2024
# SharedData Build 5239561 on Fri Nov 08 14:39:27 MST 2024
# Start of session at: Sat Dec  6 12:33:58 2025
# Process ID         : 15804
# Current directory  : F:/Haoyang_Sun/experiments/labs/lab13
# Command line       : vivado.exe -gui_launcher_event rodinguilauncherevent14544 F:\Haoyang_Sun\experiments\labs\lab13\lab13.xpr
# Log file           : F:/Haoyang_Sun/experiments/labs/lab13/vivado.log
# Journal file       : F:/Haoyang_Sun/experiments/labs/lab13\vivado.jou
# Running On         : SKULL
# Platform           : Windows Server 2016 or Windows 10
# Operating System   : 26200
# Processor Detail   : Intel(R) Core(TM) i9-14900HX
# CPU Frequency      : 2419 MHz
# CPU Physical cores : 24
# CPU Logical cores  : 32
# Host memory        : 16890 MB
# Swap memory        : 8995 MB
# Total Virtual      : 25886 MB
# Available Virtual  : 13242 MB
#-----------------------------------------------------------
start_gui
open_project F:/Haoyang_Sun/experiments/labs/lab13/lab13.xpr
Scanning sources...
Finished scanning sources
INFO: [IP_Flow 19-234] Refreshing IP repositories
INFO: [IP_Flow 19-1700] Loaded user IP repository 'f:/Haoyang_Sun/experiments/cg_fpga_slim_1_4'.
INFO: [IP_Flow 19-1700] Loaded user IP repository 'f:/Haoyang_Sun/experiments/ip_repo'.
INFO: [IP_Flow 19-2313] Loaded Vivado IP repository 'E:/vivado/Vivado/2024.2/data/ip'.
INFO: [Project 1-5579] Found utility IPs instantiated in one or more block designs which have equivalent inline hdl with improved performance and reduced diskspace. It is recommended to migrate these utility IPs to inline hdl using the command upgrade_project -migrate_to_inline_hdl. The utility IPs may be deprecated in future releases. More information on inline hdl is available in UG994.
update_compile_order -fileset sources_1
open_bd_design {F:/Haoyang_Sun/experiments/labs/lab13/lab13.srcs/sources_1/bd/design_1/design_1.bd}
Reading block design file <F:/Haoyang_Sun/experiments/labs/lab13/lab13.srcs/sources_1/bd/design_1/design_1.bd>...
Adding component instance block -- educg.net:user:cg_fpga:1.4 - cg_fpga_0
Adding component instance block -- xilinx.com:module_ref:adpt_in:1.0 - adpt_in_0
Adding component instance block -- xilinx.com:module_ref:m74LS138:1.0 - m74LS138_0
Adding component instance block -- xilinx.com:module_ref:m74LS161:1.0 - m74LS161_0
Adding component instance block -- xilinx.com:module_ref:m74LS194:1.0 - m74LS194_0
Adding component instance block -- xilinx.com:module_ref:m74ls04:1.0 - m74ls04_0
Adding component instance block -- xilinx.com:module_ref:adpt_out:1.0 - adpt_out_0
Adding component instance block -- xilinx.com:ip:xlconstant:1.1 - xlconstant_0
Successfully read diagram <design_1> from block design file <F:/Haoyang_Sun/experiments/labs/lab13/lab13.srcs/sources_1/bd/design_1/design_1.bd>
set_property location {1676 -382} [get_bd_intf_ports FIXED_IO_0]
set_property location {1712 -355} [get_bd_intf_ports DDR_0]
set_property location {1673 -295} [get_bd_intf_ports DDR_0]
set_property location {1665 -144} [get_bd_intf_ports FIXED_IO_0]
set_property location {1665 -77} [get_bd_intf_ports DDR_0]
set_property location {1663 -38} [get_bd_intf_ports FIXED_IO_0]
set_property location {1682 -212} [get_bd_intf_ports DDR_0]
set_property location {1682 -238} [get_bd_intf_ports FIXED_IO_0]
set_property location {1669 -104} [get_bd_intf_ports FIXED_IO_0]
set_property location {1671 -69} [get_bd_intf_ports DDR_0]
set_property location {1678 -160} [get_bd_intf_ports FIXED_IO_0]
set_property location {1678 -129} [get_bd_intf_ports DDR_0]
set_property location {1673 -108} [get_bd_intf_ports DDR_0]
set_property location {1676 -140} [get_bd_intf_ports FIXED_IO_0]
set_property location {1678 -61} [get_bd_intf_ports DDR_0]
set_property location {1679 -92} [get_bd_intf_ports FIXED_IO_0]
close_bd_design [get_bd_designs design_1]
Wrote  : <F:/Haoyang_Sun/experiments/labs/lab13/lab13.srcs/sources_1/bd/design_1/ui/bd_1f5defd0.ui> 
copy_run -name synth_1_copy_1 [get_runs synth_1] 
synth_1_copy_1
set_property part xc7z020clg400-1 [current_project]
CRITICAL WARNING: [Runs 36-291] Incremental checkpoint part, 'xc7z010clg400-1', does not match run part, 'xc7z020clg400-1', for run 'synth_1'.
CRITICAL WARNING: [Runs 36-291] Incremental checkpoint part, 'xc7z010clg400-1', does not match run part, 'xc7z020clg400-1', for run 'synth_1_copy_1'.
WARNING: [Ipconfig 75-871] Could not load NoC clock tree from device
WARNING: [Ipconfig 75-570] Unable to create NoC or AIE Models.
WARNING: [IP_Flow 19-2162] IP 'design_1_cg_fpga_0_0' is locked:
* Current project part 'xc7z020clg400-1' and the part 'xc7z010clg400-1' used to customize the IP 'design_1_cg_fpga_0_0' do not match. * IP 'design_1_cg_fpga_0_0' contains one or more locked subcores.
WARNING: [IP_Flow 19-2162] IP 'design_1_adpt_in_0_0' is locked:
* Current project part 'xc7z020clg400-1' and the part 'xc7z010clg400-1' used to customize the IP 'design_1_adpt_in_0_0' do not match.
WARNING: [IP_Flow 19-2162] IP 'design_1_adpt_out_0_0' is locked:
* Current project part 'xc7z020clg400-1' and the part 'xc7z010clg400-1' used to customize the IP 'design_1_adpt_out_0_0' do not match.
WARNING: [IP_Flow 19-2162] IP 'design_1_m74LS138_0_0' is locked:
* Current project part 'xc7z020clg400-1' and the part 'xc7z010clg400-1' used to customize the IP 'design_1_m74LS138_0_0' do not match.
WARNING: [IP_Flow 19-2162] IP 'design_1_m74LS161_0_0' is locked:
* Current project part 'xc7z020clg400-1' and the part 'xc7z010clg400-1' used to customize the IP 'design_1_m74LS161_0_0' do not match.
WARNING: [IP_Flow 19-2162] IP 'design_1_m74LS194_0_0' is locked:
* Current project part 'xc7z020clg400-1' and the part 'xc7z010clg400-1' used to customize the IP 'design_1_m74LS194_0_0' do not match.
WARNING: [IP_Flow 19-2162] IP 'design_1_m74ls04_0_0' is locked:
* Current project part 'xc7z020clg400-1' and the part 'xc7z010clg400-1' used to customize the IP 'design_1_m74ls04_0_0' do not match.
open_bd_design {F:/Haoyang_Sun/experiments/labs/lab13/lab13.srcs/sources_1/bd/design_1/design_1.bd}
Reading block design file <F:/Haoyang_Sun/experiments/labs/lab13/lab13.srcs/sources_1/bd/design_1/design_1.bd>...
Adding component instance block -- educg.net:user:cg_fpga:1.4 - cg_fpga_0
Adding component instance block -- xilinx.com:module_ref:adpt_in:1.0 - adpt_in_0
Adding component instance block -- xilinx.com:module_ref:m74LS138:1.0 - m74LS138_0
Adding component instance block -- xilinx.com:module_ref:m74LS161:1.0 - m74LS161_0
Adding component instance block -- xilinx.com:module_ref:m74LS194:1.0 - m74LS194_0
Adding component instance block -- xilinx.com:module_ref:m74ls04:1.0 - m74ls04_0
Adding component instance block -- xilinx.com:module_ref:adpt_out:1.0 - adpt_out_0
Adding component instance block -- xilinx.com:ip:xlconstant:1.1 - xlconstant_0
Successfully read diagram <design_1> from block design file <F:/Haoyang_Sun/experiments/labs/lab13/lab13.srcs/sources_1/bd/design_1/design_1.bd>
report_ip_status -name ip_status 
upgrade_ip [get_ips  {design_1_xlconstant_0_0 design_1_cg_fpga_0_0}] -log ip_upgrade.log
Upgrading 'F:/Haoyang_Sun/experiments/labs/lab13/lab13.srcs/sources_1/bd/design_1/design_1.bd'
INFO: [IP_Flow 19-3420] Updated design_1_cg_fpga_0_0 to use current project options
INFO: [IP_Flow 19-3420] Updated design_1_xlconstant_0_0 to use current project options
CRITICAL WARNING: [filemgmt 20-1366] Unable to reset target(s) for the following file is locked: F:/Haoyang_Sun/experiments/labs/lab13/lab13.srcs/sources_1/bd/design_1/design_1.bd
Locked reason: 
* Block design contains locked IPs. Please run report_ip_status for more details and recommendations on how to fix this issue. 
List of locked IPs: 
design_1_m74ls04_0_0
design_1_adpt_in_0_0
design_1_m74LS138_0_0
design_1_m74LS194_0_0
design_1_m74LS161_0_0
design_1_adpt_out_0_0

Wrote  : <F:\Haoyang_Sun\experiments\labs\lab13\lab13.srcs\sources_1\bd\design_1\design_1.bd> 
INFO: [Coretcl 2-1525] Wrote upgrade log to 'F:/Haoyang_Sun/experiments/labs/lab13/ip_upgrade.log'.
export_ip_user_files -of_objects [get_ips {design_1_xlconstant_0_0 design_1_cg_fpga_0_0}] -no_script -sync -force -quiet
update_module_reference [get_ips  {design_1_adpt_in_0_0 design_1_adpt_out_0_0 design_1_m74LS194_0_0 design_1_m74ls04_0_0 design_1_m74LS138_0_0 design_1_m74LS161_0_0}]
INFO: [IP_Flow 19-5107] Inferred bus interface 'btn_rst' of definition 'xilinx.com:signal:reset:1.0' (from Xilinx Repository).
INFO: [IP_Flow 19-5107] Inferred bus interface 'btn_clk' of definition 'xilinx.com:signal:clock:1.0' (from Xilinx Repository).
INFO: [IP_Flow 19-5107] Inferred bus interface 'clk' of definition 'xilinx.com:signal:clock:1.0' (from Xilinx Repository).
INFO: [IP_Flow 19-4728] Bus Interface 'btn_clk': Added interface parameter 'ASSOCIATED_RESET' with value 'btn_rst'.
WARNING: [IP_Flow 19-5661] Bus Interface 'btn_clk' does not have any bus interfaces associated with it.
WARNING: [IP_Flow 19-11770] Clock interface 'btn_clk' has no FREQ_HZ parameter.
CRITICAL WARNING: [IP_Flow 19-4751] Bus Interface 'clk': FREQ_HZ bus parameter is missing for output clock interface.
INFO: [IP_Flow 19-5107] Inferred bus interface 'CLK' of definition 'xilinx.com:signal:clock:1.0' (from Xilinx Repository).
WARNING: [IP_Flow 19-5661] Bus Interface 'CLK' does not have any bus interfaces associated with it.
WARNING: [IP_Flow 19-11770] Clock interface 'CLK' has no FREQ_HZ parameter.
INFO: [IP_Flow 19-5107] Inferred bus interface 'CLK' of definition 'xilinx.com:signal:clock:1.0' (from Xilinx Repository).
WARNING: [IP_Flow 19-5661] Bus Interface 'CLK' does not have any bus interfaces associated with it.
WARNING: [IP_Flow 19-11770] Clock interface 'CLK' has no FREQ_HZ parameter.
INFO: [IP_Flow 19-5107] Inferred bus interface 'btn_rst' of definition 'xilinx.com:signal:reset:1.0' (from Xilinx Repository).
INFO: [IP_Flow 19-5107] Inferred bus interface 'btn_clk' of definition 'xilinx.com:signal:clock:1.0' (from Xilinx Repository).
INFO: [IP_Flow 19-5107] Inferred bus interface 'clk' of definition 'xilinx.com:signal:clock:1.0' (from Xilinx Repository).
INFO: [IP_Flow 19-4728] Bus Interface 'btn_clk': Added interface parameter 'ASSOCIATED_RESET' with value 'btn_rst'.
WARNING: [IP_Flow 19-5661] Bus Interface 'btn_clk' does not have any bus interfaces associated with it.
WARNING: [IP_Flow 19-11770] Clock interface 'btn_clk' has no FREQ_HZ parameter.
CRITICAL WARNING: [IP_Flow 19-4751] Bus Interface 'clk': FREQ_HZ bus parameter is missing for output clock interface.
INFO: [IP_Flow 19-5107] Inferred bus interface 'CLK' of definition 'xilinx.com:signal:clock:1.0' (from Xilinx Repository).
WARNING: [IP_Flow 19-5661] Bus Interface 'CLK' does not have any bus interfaces associated with it.
WARNING: [IP_Flow 19-11770] Clock interface 'CLK' has no FREQ_HZ parameter.
INFO: [IP_Flow 19-5107] Inferred bus interface 'CLK' of definition 'xilinx.com:signal:clock:1.0' (from Xilinx Repository).
WARNING: [IP_Flow 19-5661] Bus Interface 'CLK' does not have any bus interfaces associated with it.
WARNING: [IP_Flow 19-11770] Clock interface 'CLK' has no FREQ_HZ parameter.
Upgrading 'F:/Haoyang_Sun/experiments/labs/lab13/lab13.srcs/sources_1/bd/design_1/design_1.bd'
INFO: [IP_Flow 19-3420] Updated design_1_adpt_in_0_0 to use current project options
INFO: [IP_Flow 19-3420] Updated design_1_adpt_out_0_0 to use current project options
INFO: [IP_Flow 19-3420] Updated design_1_m74LS138_0_0 to use current project options
INFO: [IP_Flow 19-3420] Updated design_1_m74LS161_0_0 to use current project options
INFO: [IP_Flow 19-3420] Updated design_1_m74LS194_0_0 to use current project options
INFO: [IP_Flow 19-3420] Updated design_1_m74ls04_0_0 to use current project options
Wrote  : <F:\Haoyang_Sun\experiments\labs\lab13\lab13.srcs\sources_1\bd\design_1\design_1.bd> 
Wrote  : <F:/Haoyang_Sun/experiments/labs/lab13/lab13.srcs/sources_1/bd/design_1/ui/bd_1f5defd0.ui> 
generate_target all [get_files  F:/Haoyang_Sun/experiments/labs/lab13/lab13.srcs/sources_1/bd/design_1/design_1.bd]
CRITICAL WARNING: [BD 41-759] The input pins (listed below) are either not connected or do not have a source port, and they don't have a tie-off specified. These pins are tied-off to all 0's to avoid error in Implementation flow.
Please check your design and connect them as needed: 
/m74LS161_0/A3
/m74LS161_0/A2
/m74LS161_0/A1
/m74LS161_0/A0
/m74ls04_0/I5
/m74ls04_0/I4

Wrote  : <F:\Haoyang_Sun\experiments\labs\lab13\lab13.srcs\sources_1\bd\design_1\design_1.bd> 
Verilog Output written to : f:/Haoyang_Sun/experiments/labs/lab13/lab13.gen/sources_1/bd/design_1/synth/design_1.v
Verilog Output written to : f:/Haoyang_Sun/experiments/labs/lab13/lab13.gen/sources_1/bd/design_1/sim/design_1.v
Verilog Output written to : f:/Haoyang_Sun/experiments/labs/lab13/lab13.gen/sources_1/bd/design_1/hdl/design_1_wrapper.v
INFO: [IP_Flow 19-3422] Upgraded cg_fpga_axi_gpio_0_0 (AXI GPIO 2.0) from revision 29 to revision 35
INFO: [IP_Flow 19-3422] Upgraded cg_fpga_cg_fpga_axi_gpio_o1_0 (AXI GPIO 2.0) from revision 29 to revision 35
INFO: [IP_Flow 19-3422] Upgraded cg_fpga_cg_fpga_axi_gpio_o1_1 (AXI GPIO 2.0) from revision 29 to revision 35
INFO: [IP_Flow 19-3422] Upgraded cg_fpga_cg_fpga_axi_gpio_i1_0 (AXI GPIO 2.0) from revision 29 to revision 35
INFO: [IP_Flow 19-3422] Upgraded cg_fpga_axi_uartlite_0_0 (AXI Uartlite 2.0) from revision 31 to revision 37
INFO: [IP_Flow 19-3422] Upgraded cg_fpga_axi_intc_0_0 (AXI Interrupt Controller 4.1) from revision 17 to revision 20
INFO: [IP_Flow 19-3422] Upgraded cg_fpga_rst_ps7_0_50M_0 (Processor System Reset 5.0) from revision 13 to revision 16
INFO: [IP_Flow 19-3422] Upgraded cg_fpga_xbar_1 (AXI Crossbar 2.1) from revision 28 to revision 34
INFO: [IP_Flow 19-3422] Upgraded cg_fpga_auto_pc_0 (AXI Protocol Converter 2.1) from revision 27 to revision 33
INFO: [IP_Flow 19-3422] Upgraded cg_fpga_xlconcat_0_0 (Concat 2.1) from revision 4 to revision 6
INFO: [IP_Flow 19-3422] Upgraded cg_fpga_xlconcat_1_0 (Concat 2.1) from revision 4 to revision 6
INFO: [IP_Flow 19-3422] Upgraded cg_fpga_v_vid_in_axi4s_0_0 (Video In to AXI4-Stream 5.0) from revision 2 to revision 5
INFO: [IP_Flow 19-3422] Upgraded cg_fpga_xlconcat_2_0 (Concat 2.1) from revision 4 to revision 6
INFO: [IP_Flow 19-3422] Upgraded cg_fpga_xlconcat_3_0 (Concat 2.1) from revision 4 to revision 6
INFO: [IP_Flow 19-3422] Upgraded cg_fpga_xlslice_0_2 (Slice 1.0) from revision 2 to revision 4
INFO: [IP_Flow 19-3422] Upgraded cg_fpga_xlslice_0_3 (Slice 1.0) from revision 2 to revision 4
INFO: [IP_Flow 19-3422] Upgraded cg_fpga_xlslice_1_0 (Slice 1.0) from revision 2 to revision 4
INFO: [IP_Flow 19-3422] Upgraded cg_fpga_xlconstant_0_0 (Constant 1.1) from revision 7 to revision 9
INFO: [IP_Flow 19-3422] Upgraded cg_fpga_xbar_0 (AXI Crossbar 2.1) from revision 28 to revision 34
INFO: [IP_Flow 19-3422] Upgraded cg_fpga_auto_pc_1 (AXI Protocol Converter 2.1) from revision 27 to revision 33
INFO: [IP_Flow 19-3422] Upgraded cg_fpga_axi_vdma_0_0 (AXI Video Direct Memory Access 6.3) from revision 15 to revision 21
INFO: [IP_Flow 19-3420] Updated cg_fpga_processing_system7_0_0 to use current project options
INFO: [IP_Flow 19-3422] Upgraded cg_fpga_xlconstant_1_0 (Constant 1.1) from revision 7 to revision 9
INFO: [IP_Flow 19-3422] Upgraded cg_fpga_xlconstant_1_1 (Constant 1.1) from revision 7 to revision 9
INFO: [IP_Flow 19-5611] Unable to find an associated reset port for the interface 'M_AXI_GP0'. A default connection has been created.
INFO: [IP_Flow 19-5611] Unable to find an associated reset port for the interface 'S_AXI_HP0'. A default connection has been created.
INFO: [BD 41-1029] Generation completed for the IP Integrator block cg_fpga_0 .
INFO: [BD 41-1029] Generation completed for the IP Integrator block adpt_in_0 .
INFO: [BD 41-1029] Generation completed for the IP Integrator block m74LS138_0 .
INFO: [BD 41-1029] Generation completed for the IP Integrator block m74LS161_0 .
INFO: [BD 41-1029] Generation completed for the IP Integrator block m74LS194_0 .
INFO: [BD 41-1029] Generation completed for the IP Integrator block m74ls04_0 .
INFO: [BD 41-1029] Generation completed for the IP Integrator block adpt_out_0 .
INFO: [BD 41-1029] Generation completed for the IP Integrator block xlconstant_0 .
Exporting to file f:/Haoyang_Sun/experiments/labs/lab13/lab13.gen/sources_1/bd/design_1/hw_handoff/design_1.hwh
Generated Hardware Definition File f:/Haoyang_Sun/experiments/labs/lab13/lab13.gen/sources_1/bd/design_1/synth/design_1.hwdef
generate_target: Time (s): cpu = 00:00:22 ; elapsed = 00:00:26 . Memory (MB): peak = 1567.785 ; gain = 59.215
catch { config_ip_cache -export [get_ips -all design_1_cg_fpga_0_0] }
INFO: [IP_Flow 19-6924] IPCACHE: Running cache check for IP inst: design_1_cg_fpga_0_0
export_ip_user_files -of_objects [get_files F:/Haoyang_Sun/experiments/labs/lab13/lab13.srcs/sources_1/bd/design_1/design_1.bd] -no_script -sync -force -quiet
create_ip_run [get_files -of_objects [get_fileset sources_1] F:/Haoyang_Sun/experiments/labs/lab13/lab13.srcs/sources_1/bd/design_1/design_1.bd]
launch_runs design_1_adpt_in_0_0_synth_1 design_1_adpt_out_0_0_synth_1 design_1_cg_fpga_0_0_synth_1 design_1_m74LS138_0_0_synth_1 design_1_m74LS161_0_0_synth_1 design_1_m74LS194_0_0_synth_1 design_1_m74ls04_0_0_synth_1 -jobs 16
INFO: [IP_Flow 19-6924] IPCACHE: Running cache check for IP inst: design_1_cg_fpga_0_0
[Sat Dec  6 12:57:57 2025] Launched design_1_adpt_in_0_0_synth_1, design_1_adpt_out_0_0_synth_1, design_1_cg_fpga_0_0_synth_1, design_1_m74LS138_0_0_synth_1, design_1_m74LS161_0_0_synth_1, design_1_m74LS194_0_0_synth_1, design_1_m74ls04_0_0_synth_1...
Run output will be captured here:
design_1_adpt_in_0_0_synth_1: F:/Haoyang_Sun/experiments/labs/lab13/design_1_adpt_in_0_0_synth_1/runme.log
design_1_adpt_out_0_0_synth_1: F:/Haoyang_Sun/experiments/labs/lab13/design_1_adpt_out_0_0_synth_1/runme.log
design_1_cg_fpga_0_0_synth_1: F:/Haoyang_Sun/experiments/labs/lab13/design_1_cg_fpga_0_0_synth_1/runme.log
design_1_m74LS138_0_0_synth_1: F:/Haoyang_Sun/experiments/labs/lab13/design_1_m74LS138_0_0_synth_1/runme.log
design_1_m74LS161_0_0_synth_1: F:/Haoyang_Sun/experiments/labs/lab13/design_1_m74LS161_0_0_synth_1/runme.log
design_1_m74LS194_0_0_synth_1: F:/Haoyang_Sun/experiments/labs/lab13/design_1_m74LS194_0_0_synth_1/runme.log
design_1_m74ls04_0_0_synth_1: F:/Haoyang_Sun/experiments/labs/lab13/design_1_m74ls04_0_0_synth_1/runme.log
export_simulation -lib_map_path [list {modelsim=F:/Haoyang_Sun/experiments/labs/lab13/lab13.cache/compile_simlib/modelsim} {questa=F:/Haoyang_Sun/experiments/labs/lab13/lab13.cache/compile_simlib/questa} {riviera=F:/Haoyang_Sun/experiments/labs/lab13/lab13.cache/compile_simlib/riviera} {activehdl=F:/Haoyang_Sun/experiments/labs/lab13/lab13.cache/compile_simlib/activehdl}] -of_objects [get_files F:/Haoyang_Sun/experiments/labs/lab13/lab13.srcs/sources_1/bd/design_1/design_1.bd] -directory F:/Haoyang_Sun/experiments/labs/lab13/lab13.ip_user_files/sim_scripts -ip_user_files_dir F:/Haoyang_Sun/experiments/labs/lab13/lab13.ip_user_files -ipstatic_source_dir F:/Haoyang_Sun/experiments/labs/lab13/lab13.ip_user_files/ipstatic -use_ip_compiled_libs -force -quiet
report_ip_status -name ip_status 
reset_run synth_1
INFO: [Project 1-1161] Replacing file F:/Haoyang_Sun/experiments/labs/lab13/lab13.srcs/utils_1/imports/synth_1/design_1_wrapper.dcp with file F:/Haoyang_Sun/experiments/labs/lab13/synth_1/design_1_wrapper.dcp
launch_runs impl_1 -to_step write_bitstream -jobs 16
[Sat Dec  6 13:00:31 2025] Launched synth_1...
Run output will be captured here: F:/Haoyang_Sun/experiments/labs/lab13/synth_1/runme.log
[Sat Dec  6 13:00:31 2025] Launched impl_1...
Run output will be captured here: F:/Haoyang_Sun/experiments/labs/lab13/impl_1/runme.log
open_run impl_1
INFO: [Device 21-403] Loading part xc7z020clg400-1
Netlist sorting complete. Time (s): cpu = 00:00:00 ; elapsed = 00:00:00.141 . Memory (MB): peak = 1845.164 ; gain = 0.000
INFO: [Netlist 29-17] Analyzing 117 Unisim elements for replacement
INFO: [Netlist 29-28] Unisim Transformation completed in 0 CPU seconds
INFO: [Project 1-479] Netlist was created with Vivado 2024.2
INFO: [Project 1-570] Preparing netlist for logic optimization
Read ShapeDB Complete: Time (s): cpu = 00:00:00 ; elapsed = 00:00:00.024 . Memory (MB): peak = 1938.727 ; gain = 3.414
INFO: [Timing 38-478] Restoring timing data from binary archive.
INFO: [Timing 38-479] Binary timing data restore complete.
INFO: [Project 1-856] Restoring constraints from binary archive.
INFO: [Project 1-853] Binary constraint restore complete.
INFO: [Designutils 20-5722] Start Reading Physical Databases.
Reading placement.
Read Netlist Cache: Time (s): cpu = 00:00:00 ; elapsed = 00:00:00.006 . Memory (MB): peak = 2555.066 ; gain = 0.000
Reading placer database...
Read Device Cache: Time (s): cpu = 00:00:00 ; elapsed = 00:00:00.009 . Memory (MB): peak = 2555.066 ; gain = 0.000
Read PlaceDB: Time (s): cpu = 00:00:00 ; elapsed = 00:00:00.259 . Memory (MB): peak = 2561.012 ; gain = 5.945
Read PulsedLatchDB: Time (s): cpu = 00:00:00 ; elapsed = 00:00:00 . Memory (MB): peak = 2561.012 ; gain = 0.000
Reading routing.
Read RouteStorage: Time (s): cpu = 00:00:00 ; elapsed = 00:00:00.063 . Memory (MB): peak = 2565.309 ; gain = 4.297
Read Physdb Files: Time (s): cpu = 00:00:00 ; elapsed = 00:00:00.346 . Memory (MB): peak = 2565.309 ; gain = 10.242
Restored from archive | CPU: 1.000000 secs | Memory: 0.000000 MB |
Finished XDEF File Restore: Time (s): cpu = 00:00:00 ; elapsed = 00:00:00.346 . Memory (MB): peak = 2565.309 ; gain = 10.242
Netlist sorting complete. Time (s): cpu = 00:00:00 ; elapsed = 00:00:00.002 . Memory (MB): peak = 2565.309 ; gain = 0.000
INFO: [Project 1-111] Unisim Transformation Summary:
  A total of 6 instances were transformed.
  RAM32M => RAM32M (RAMD32(x6), RAMS32(x2)): 3 instances
  SRLC32E => SRL16E: 3 instances

open_run: Time (s): cpu = 00:00:13 ; elapsed = 00:00:11 . Memory (MB): peak = 2959.984 ; gain = 1365.664
WARNING: [Timing 38-436] There are set_bus_skew constraint(s) in this design. Please run report_bus_skew to ensure that bus skew requirements are met.
close_design
delete_bd_objs [get_bd_nets m74LS138_0_Y3]
connect_bd_net [get_bd_pins m74LS138_0/Y3] [get_bd_pins m74ls04_0/I3]
connect_bd_net [get_bd_pins m74LS138_0/Y0] [get_bd_pins m74LS194_0/CLK]
save_bd_design
Wrote  : <F:\Haoyang_Sun\experiments\labs\lab13\lab13.srcs\sources_1\bd\design_1\design_1.bd> 
Wrote  : <F:/Haoyang_Sun/experiments/labs/lab13/lab13.srcs/sources_1/bd/design_1/ui/bd_1f5defd0.ui> 
reset_run synth_1
INFO: [Project 1-1161] Replacing file F:/Haoyang_Sun/experiments/labs/lab13/lab13.srcs/utils_1/imports/synth_1/design_1_wrapper.dcp with file F:/Haoyang_Sun/experiments/labs/lab13/synth_1/design_1_wrapper.dcp
launch_runs impl_1 -to_step write_bitstream -jobs 16
CRITICAL WARNING: [BD 41-759] The input pins (listed below) are either not connected or do not have a source port, and they don't have a tie-off specified. These pins are tied-off to all 0's to avoid error in Implementation flow.
Please check your design and connect them as needed: 
/m74LS161_0/A3
/m74LS161_0/A2
/m74LS161_0/A1
/m74LS161_0/A0
/m74ls04_0/I5
/m74ls04_0/I4

Wrote  : <F:\Haoyang_Sun\experiments\labs\lab13\lab13.srcs\sources_1\bd\design_1\design_1.bd> 
Verilog Output written to : f:/Haoyang_Sun/experiments/labs/lab13/lab13.gen/sources_1/bd/design_1/synth/design_1.v
Verilog Output written to : f:/Haoyang_Sun/experiments/labs/lab13/lab13.gen/sources_1/bd/design_1/sim/design_1.v
Verilog Output written to : f:/Haoyang_Sun/experiments/labs/lab13/lab13.gen/sources_1/bd/design_1/hdl/design_1_wrapper.v
Exporting to file f:/Haoyang_Sun/experiments/labs/lab13/lab13.gen/sources_1/bd/design_1/hw_handoff/design_1.hwh
Generated Hardware Definition File f:/Haoyang_Sun/experiments/labs/lab13/lab13.gen/sources_1/bd/design_1/synth/design_1.hwdef
[Sat Dec  6 13:53:23 2025] Launched synth_1...
Run output will be captured here: F:/Haoyang_Sun/experiments/labs/lab13/synth_1/runme.log
[Sat Dec  6 13:53:23 2025] Launched impl_1...
Run output will be captured here: F:/Haoyang_Sun/experiments/labs/lab13/impl_1/runme.log
open_run impl_1
Netlist sorting complete. Time (s): cpu = 00:00:00 ; elapsed = 00:00:00.142 . Memory (MB): peak = 3235.301 ; gain = 0.000
INFO: [Netlist 29-17] Analyzing 117 Unisim elements for replacement
INFO: [Netlist 29-28] Unisim Transformation completed in 0 CPU seconds
INFO: [Project 1-479] Netlist was created with Vivado 2024.2
INFO: [Project 1-570] Preparing netlist for logic optimization
Read ShapeDB Complete: Time (s): cpu = 00:00:00 ; elapsed = 00:00:00.026 . Memory (MB): peak = 3235.301 ; gain = 0.000
INFO: [Timing 38-478] Restoring timing data from binary archive.
INFO: [Timing 38-479] Binary timing data restore complete.
INFO: [Project 1-856] Restoring constraints from binary archive.
INFO: [Project 1-853] Binary constraint restore complete.
INFO: [Designutils 20-5722] Start Reading Physical Databases.
Reading placement.
Read Netlist Cache: Time (s): cpu = 00:00:00 ; elapsed = 00:00:00.007 . Memory (MB): peak = 3235.301 ; gain = 0.000
Reading placer database...
Read Device Cache: Time (s): cpu = 00:00:00 ; elapsed = 00:00:00.010 . Memory (MB): peak = 3235.301 ; gain = 0.000
Read PlaceDB: Time (s): cpu = 00:00:00 ; elapsed = 00:00:00.263 . Memory (MB): peak = 3235.301 ; gain = 0.000
Read PulsedLatchDB: Time (s): cpu = 00:00:00 ; elapsed = 00:00:00 . Memory (MB): peak = 3235.301 ; gain = 0.000
Reading routing.
Read RouteStorage: Time (s): cpu = 00:00:00 ; elapsed = 00:00:00.071 . Memory (MB): peak = 3235.301 ; gain = 0.000
Read Physdb Files: Time (s): cpu = 00:00:00 ; elapsed = 00:00:00.360 . Memory (MB): peak = 3235.301 ; gain = 0.000
Restored from archive | CPU: 0.000000 secs | Memory: 0.000000 MB |
Finished XDEF File Restore: Time (s): cpu = 00:00:00 ; elapsed = 00:00:00.360 . Memory (MB): peak = 3235.301 ; gain = 0.000
Netlist sorting complete. Time (s): cpu = 00:00:00 ; elapsed = 00:00:00.002 . Memory (MB): peak = 3235.301 ; gain = 0.000
INFO: [Project 1-111] Unisim Transformation Summary:
  A total of 6 instances were transformed.
  RAM32M => RAM32M (RAMD32(x6), RAMS32(x2)): 3 instances
  SRLC32E => SRL16E: 3 instances

open_run: Time (s): cpu = 00:00:09 ; elapsed = 00:00:08 . Memory (MB): peak = 3235.301 ; gain = 0.000
WARNING: [Timing 38-436] There are set_bus_skew constraint(s) in this design. Please run report_bus_skew to ensure that bus skew requirements are met.
open_bd_design {F:/Haoyang_Sun/experiments/labs/lab13/lab13.srcs/sources_1/bd/design_1/design_1.bd}
delete_bd_objs [get_bd_nets m74LS138_0_Y0]
connect_bd_net [get_bd_pins m74LS138_0/Y0] [get_bd_pins m74ls04_0/I0]
connect_bd_net [get_bd_pins m74LS138_0/Y3] [get_bd_pins m74LS194_0/CLK]
save_bd_design
Wrote  : <F:\Haoyang_Sun\experiments\labs\lab13\lab13.srcs\sources_1\bd\design_1\design_1.bd> 
Wrote  : <F:/Haoyang_Sun/experiments/labs/lab13/lab13.srcs/sources_1/bd/design_1/ui/bd_1f5defd0.ui> 
reset_run synth_1
INFO: [Project 1-1161] Replacing file F:/Haoyang_Sun/experiments/labs/lab13/lab13.srcs/utils_1/imports/synth_1/design_1_wrapper.dcp with file F:/Haoyang_Sun/experiments/labs/lab13/synth_1/design_1_wrapper.dcp
launch_runs impl_1 -to_step write_bitstream -jobs 16
CRITICAL WARNING: [BD 41-759] The input pins (listed below) are either not connected or do not have a source port, and they don't have a tie-off specified. These pins are tied-off to all 0's to avoid error in Implementation flow.
Please check your design and connect them as needed: 
/m74LS161_0/A3
/m74LS161_0/A2
/m74LS161_0/A1
/m74LS161_0/A0
/m74ls04_0/I5
/m74ls04_0/I4

Wrote  : <F:\Haoyang_Sun\experiments\labs\lab13\lab13.srcs\sources_1\bd\design_1\design_1.bd> 
Verilog Output written to : f:/Haoyang_Sun/experiments/labs/lab13/lab13.gen/sources_1/bd/design_1/synth/design_1.v
Verilog Output written to : f:/Haoyang_Sun/experiments/labs/lab13/lab13.gen/sources_1/bd/design_1/sim/design_1.v
Verilog Output written to : f:/Haoyang_Sun/experiments/labs/lab13/lab13.gen/sources_1/bd/design_1/hdl/design_1_wrapper.v
Exporting to file f:/Haoyang_Sun/experiments/labs/lab13/lab13.gen/sources_1/bd/design_1/hw_handoff/design_1.hwh
Generated Hardware Definition File f:/Haoyang_Sun/experiments/labs/lab13/lab13.gen/sources_1/bd/design_1/synth/design_1.hwdef
[Sat Dec  6 14:01:20 2025] Launched synth_1...
Run output will be captured here: F:/Haoyang_Sun/experiments/labs/lab13/synth_1/runme.log
[Sat Dec  6 14:01:20 2025] Launched impl_1...
Run output will be captured here: F:/Haoyang_Sun/experiments/labs/lab13/impl_1/runme.log
exit
INFO: [Common 17-206] Exiting Vivado at Sat Dec  6 14:39:27 2025...
