
*** Running vivado
    with args -log design_1_adpt_in_0_0.vds -m64 -product Vivado -mode batch -messageDb vivado.pb -notrace -source design_1_adpt_in_0_0.tcl



****** Vivado v2024.2 (64-bit)
  **** SW Build 5239630 on Fri Nov 08 22:35:27 MST 2024
  **** IP Build 5239520 on Sun Nov 10 16:12:51 MST 2024
  **** SharedData Build 5239561 on Fri Nov 08 14:39:27 MST 2024
  **** Start of session at: Sat Dec  6 16:56:01 2025
    ** Copyright 1986-2022 Xilinx, Inc. All Rights Reserved.
    ** Copyright 2022-2024 Advanced Micro Devices, Inc. All Rights Reserved.

source design_1_adpt_in_0_0.tcl -notrace
INFO: [IP_Flow 19-234] Refreshing IP repositories
INFO: [IP_Flow 19-1700] Loaded user IP repository 'f:/Haoyang_Sun/experiments/cg_fpga_slim_1_4'.
INFO: [IP_Flow 19-1700] Loaded user IP repository 'f:/Haoyang_Sun/experiments/ip_repo'.
INFO: [IP_Flow 19-2313] Loaded Vivado IP repository 'E:/vivado/Vivado/2024.2/data/ip'.
Command: synth_design -top design_1_adpt_in_0_0 -part xc7z020clg400-1 -incremental_mode off -mode out_of_context
Starting synth_design
Attempting to get a license for feature 'Synthesis' and/or device 'xc7z020'
INFO: [Common 17-349] Got license for feature 'Synthesis' and/or device 'xc7z020'
INFO: [Device 21-403] Loading part xc7z020clg400-1
INFO: [Synth 8-7079] Multithreading enabled for synth_design using a maximum of 2 processes.
INFO: [Synth 8-7078] Launching helper process for spawning children vivado processes
INFO: [Synth 8-7075] Helper process launched with PID 19588
---------------------------------------------------------------------------------
Starting RTL Elaboration : Time (s): cpu = 00:00:06 ; elapsed = 00:00:14 . Memory (MB): peak = 1080.461 ; gain = 467.398
---------------------------------------------------------------------------------
WARNING: [Synth 8-11121] redeclaration of ANSI port 'Q' is not allowed [F:/Haoyang_Sun/experiments/labs/lab12/exp12_source.v:80]
WARNING: [Synth 8-11121] redeclaration of ANSI port 'Qn' is not allowed [F:/Haoyang_Sun/experiments/labs/lab12/exp12_source.v:80]
INFO: [Synth 8-6157] synthesizing module 'design_1_adpt_in_0_0' [f:/Haoyang_Sun/experiments/labs/lab12/lab12.gen/sources_1/bd/design_1/ip/design_1_adpt_in_0_0/synth/design_1_adpt_in_0_0.v:53]
INFO: [Synth 8-6157] synthesizing module 'adpt_in' [F:/Haoyang_Sun/experiments/labs/lab12/exp12_source.v:1]
INFO: [Synth 8-6155] done synthesizing module 'adpt_in' (0#1) [F:/Haoyang_Sun/experiments/labs/lab12/exp12_source.v:1]
INFO: [Synth 8-6155] done synthesizing module 'design_1_adpt_in_0_0' (0#1) [f:/Haoyang_Sun/experiments/labs/lab12/lab12.gen/sources_1/bd/design_1/ip/design_1_adpt_in_0_0/synth/design_1_adpt_in_0_0.v:53]
WARNING: [Synth 8-7129] Port sw_a[31] in module adpt_in is either unconnected or has no load
WARNING: [Synth 8-7129] Port sw_a[30] in module adpt_in is either unconnected or has no load
WARNING: [Synth 8-7129] Port sw_a[29] in module adpt_in is either unconnected or has no load
WARNING: [Synth 8-7129] Port sw_a[28] in module adpt_in is either unconnected or has no load
WARNING: [Synth 8-7129] Port sw_a[27] in module adpt_in is either unconnected or has no load
WARNING: [Synth 8-7129] Port sw_a[26] in module adpt_in is either unconnected or has no load
WARNING: [Synth 8-7129] Port sw_a[25] in module adpt_in is either unconnected or has no load
WARNING: [Synth 8-7129] Port sw_a[24] in module adpt_in is either unconnected or has no load
WARNING: [Synth 8-7129] Port sw_a[23] in module adpt_in is either unconnected or has no load
WARNING: [Synth 8-7129] Port sw_a[22] in module adpt_in is either unconnected or has no load
WARNING: [Synth 8-7129] Port sw_a[21] in module adpt_in is either unconnected or has no load
WARNING: [Synth 8-7129] Port sw_a[20] in module adpt_in is either unconnected or has no load
WARNING: [Synth 8-7129] Port sw_a[19] in module adpt_in is either unconnected or has no load
WARNING: [Synth 8-7129] Port sw_a[18] in module adpt_in is either unconnected or has no load
WARNING: [Synth 8-7129] Port sw_a[17] in module adpt_in is either unconnected or has no load
WARNING: [Synth 8-7129] Port sw_a[16] in module adpt_in is either unconnected or has no load
WARNING: [Synth 8-7129] Port sw_a[15] in module adpt_in is either unconnected or has no load
WARNING: [Synth 8-7129] Port sw_a[14] in module adpt_in is either unconnected or has no load
WARNING: [Synth 8-7129] Port sw_a[13] in module adpt_in is either unconnected or has no load
WARNING: [Synth 8-7129] Port sw_a[12] in module adpt_in is either unconnected or has no load
WARNING: [Synth 8-7129] Port sw_a[11] in module adpt_in is either unconnected or has no load
WARNING: [Synth 8-7129] Port sw_a[10] in module adpt_in is either unconnected or has no load
WARNING: [Synth 8-7129] Port sw_a[9] in module adpt_in is either unconnected or has no load
WARNING: [Synth 8-7129] Port sw_a[8] in module adpt_in is either unconnected or has no load
WARNING: [Synth 8-7129] Port sw_b[31] in module adpt_in is either unconnected or has no load
WARNING: [Synth 8-7129] Port sw_b[30] in module adpt_in is either unconnected or has no load
WARNING: [Synth 8-7129] Port sw_b[29] in module adpt_in is either unconnected or has no load
WARNING: [Synth 8-7129] Port sw_b[28] in module adpt_in is either unconnected or has no load
WARNING: [Synth 8-7129] Port sw_b[27] in module adpt_in is either unconnected or has no load
WARNING: [Synth 8-7129] Port sw_b[26] in module adpt_in is either unconnected or has no load
WARNING: [Synth 8-7129] Port sw_b[25] in module adpt_in is either unconnected or has no load
WARNING: [Synth 8-7129] Port sw_b[24] in module adpt_in is either unconnected or has no load
WARNING: [Synth 8-7129] Port sw_b[23] in module adpt_in is either unconnected or has no load
WARNING: [Synth 8-7129] Port sw_b[22] in module adpt_in is either unconnected or has no load
WARNING: [Synth 8-7129] Port sw_b[21] in module adpt_in is either unconnected or has no load
WARNING: [Synth 8-7129] Port sw_b[20] in module adpt_in is either unconnected or has no load
WARNING: [Synth 8-7129] Port sw_b[19] in module adpt_in is either unconnected or has no load
WARNING: [Synth 8-7129] Port sw_b[18] in module adpt_in is either unconnected or has no load
WARNING: [Synth 8-7129] Port sw_b[17] in module adpt_in is either unconnected or has no load
WARNING: [Synth 8-7129] Port sw_b[16] in module adpt_in is either unconnected or has no load
WARNING: [Synth 8-7129] Port sw_b[15] in module adpt_in is either unconnected or has no load
WARNING: [Synth 8-7129] Port sw_b[14] in module adpt_in is either unconnected or has no load
WARNING: [Synth 8-7129] Port sw_b[13] in module adpt_in is either unconnected or has no load
WARNING: [Synth 8-7129] Port sw_b[12] in module adpt_in is either unconnected or has no load
WARNING: [Synth 8-7129] Port sw_b[11] in module adpt_in is either unconnected or has no load
WARNING: [Synth 8-7129] Port sw_b[10] in module adpt_in is either unconnected or has no load
WARNING: [Synth 8-7129] Port sw_b[9] in module adpt_in is either unconnected or has no load
WARNING: [Synth 8-7129] Port sw_b[8] in module adpt_in is either unconnected or has no load
WARNING: [Synth 8-7129] Port sw_b[7] in module adpt_in is either unconnected or has no load
WARNING: [Synth 8-7129] Port sw_b[6] in module adpt_in is either unconnected or has no load
WARNING: [Synth 8-7129] Port sw_b[5] in module adpt_in is either unconnected or has no load
WARNING: [Synth 8-7129] Port sw_b[4] in module adpt_in is either unconnected or has no load
WARNING: [Synth 8-7129] Port sw_b[3] in module adpt_in is either unconnected or has no load
---------------------------------------------------------------------------------
Finished RTL Elaboration : Time (s): cpu = 00:00:07 ; elapsed = 00:00:17 . Memory (MB): peak = 1190.766 ; gain = 577.703
---------------------------------------------------------------------------------
---------------------------------------------------------------------------------
Start Handling Custom Attributes
---------------------------------------------------------------------------------
---------------------------------------------------------------------------------
Finished Handling Custom Attributes : Time (s): cpu = 00:00:07 ; elapsed = 00:00:17 . Memory (MB): peak = 1190.766 ; gain = 577.703
---------------------------------------------------------------------------------
---------------------------------------------------------------------------------
Finished RTL Optimization Phase 1 : Time (s): cpu = 00:00:07 ; elapsed = 00:00:17 . Memory (MB): peak = 1190.766 ; gain = 577.703
---------------------------------------------------------------------------------
Netlist sorting complete. Time (s): cpu = 00:00:00 ; elapsed = 00:00:00.001 . Memory (MB): peak = 1190.766 ; gain = 0.000
INFO: [Project 1-570] Preparing netlist for logic optimization

Processing XDC Constraints
Initializing timing engine
Completed Processing XDC Constraints

Netlist sorting complete. Time (s): cpu = 00:00:00 ; elapsed = 00:00:00 . Memory (MB): peak = 1200.953 ; gain = 0.000
INFO: [Project 1-111] Unisim Transformation Summary:
No Unisim elements were transformed.

Constraint Validation Runtime : Time (s): cpu = 00:00:00 ; elapsed = 00:00:00.038 . Memory (MB): peak = 1200.984 ; gain = 0.031
INFO: [Designutils 20-5008] Incremental synthesis strategy off
---------------------------------------------------------------------------------
Finished Constraint Validation : Time (s): cpu = 00:00:18 ; elapsed = 00:00:28 . Memory (MB): peak = 1200.984 ; gain = 587.922
---------------------------------------------------------------------------------
---------------------------------------------------------------------------------
Start Loading Part and Timing Information
---------------------------------------------------------------------------------
Loading part: xc7z020clg400-1
---------------------------------------------------------------------------------
Finished Loading Part and Timing Information : Time (s): cpu = 00:00:18 ; elapsed = 00:00:28 . Memory (MB): peak = 1200.984 ; gain = 587.922
---------------------------------------------------------------------------------
---------------------------------------------------------------------------------
Start Applying 'set_property' XDC Constraints
---------------------------------------------------------------------------------
---------------------------------------------------------------------------------
Finished applying 'set_property' XDC Constraints : Time (s): cpu = 00:00:18 ; elapsed = 00:00:28 . Memory (MB): peak = 1200.984 ; gain = 587.922
---------------------------------------------------------------------------------
---------------------------------------------------------------------------------
Finished RTL Optimization Phase 2 : Time (s): cpu = 00:00:18 ; elapsed = 00:00:29 . Memory (MB): peak = 1200.984 ; gain = 587.922
---------------------------------------------------------------------------------
---------------------------------------------------------------------------------
Start RTL Component Statistics 
---------------------------------------------------------------------------------
Detailed RTL Component Info : 
---------------------------------------------------------------------------------
Finished RTL Component Statistics 
---------------------------------------------------------------------------------
---------------------------------------------------------------------------------
Start Part Resource Summary
---------------------------------------------------------------------------------
Part Resources:
DSPs: 220 (col length:60)
BRAMs: 280 (col length: RAMB18 60 RAMB36 30)
---------------------------------------------------------------------------------
Finished Part Resource Summary
---------------------------------------------------------------------------------
---------------------------------------------------------------------------------
Start Cross Boundary and Area Optimization
---------------------------------------------------------------------------------
WARNING: [Synth 8-7080] Parallel synthesis criteria is not met
WARNING: [Synth 8-7129] Port sw_a[31] in module design_1_adpt_in_0_0 is either unconnected or has no load
WARNING: [Synth 8-7129] Port sw_a[30] in module design_1_adpt_in_0_0 is either unconnected or has no load
WARNING: [Synth 8-7129] Port sw_a[29] in module design_1_adpt_in_0_0 is either unconnected or has no load
WARNING: [Synth 8-7129] Port sw_a[28] in module design_1_adpt_in_0_0 is either unconnected or has no load
WARNING: [Synth 8-7129] Port sw_a[27] in module design_1_adpt_in_0_0 is either unconnected or has no load
WARNING: [Synth 8-7129] Port sw_a[26] in module design_1_adpt_in_0_0 is either unconnected or has no load
WARNING: [Synth 8-7129] Port sw_a[25] in module design_1_adpt_in_0_0 is either unconnected or has no load
WARNING: [Synth 8-7129] Port sw_a[24] in module design_1_adpt_in_0_0 is either unconnected or has no load
WARNING: [Synth 8-7129] Port sw_a[23] in module design_1_adpt_in_0_0 is either unconnected or has no load
WARNING: [Synth 8-7129] Port sw_a[22] in module design_1_adpt_in_0_0 is either unconnected or has no load
WARNING: [Synth 8-7129] Port sw_a[21] in module design_1_adpt_in_0_0 is either unconnected or has no load
WARNING: [Synth 8-7129] Port sw_a[20] in module design_1_adpt_in_0_0 is either unconnected or has no load
WARNING: [Synth 8-7129] Port sw_a[19] in module design_1_adpt_in_0_0 is either unconnected or has no load
WARNING: [Synth 8-7129] Port sw_a[18] in module design_1_adpt_in_0_0 is either unconnected or has no load
WARNING: [Synth 8-7129] Port sw_a[17] in module design_1_adpt_in_0_0 is either unconnected or has no load
WARNING: [Synth 8-7129] Port sw_a[16] in module design_1_adpt_in_0_0 is either unconnected or has no load
WARNING: [Synth 8-7129] Port sw_a[15] in module design_1_adpt_in_0_0 is either unconnected or has no load
WARNING: [Synth 8-7129] Port sw_a[14] in module design_1_adpt_in_0_0 is either unconnected or has no load
WARNING: [Synth 8-7129] Port sw_a[13] in module design_1_adpt_in_0_0 is either unconnected or has no load
WARNING: [Synth 8-7129] Port sw_a[12] in module design_1_adpt_in_0_0 is either unconnected or has no load
WARNING: [Synth 8-7129] Port sw_a[11] in module design_1_adpt_in_0_0 is either unconnected or has no load
WARNING: [Synth 8-7129] Port sw_a[10] in module design_1_adpt_in_0_0 is either unconnected or has no load
WARNING: [Synth 8-7129] Port sw_a[9] in module design_1_adpt_in_0_0 is either unconnected or has no load
WARNING: [Synth 8-7129] Port sw_a[8] in module design_1_adpt_in_0_0 is either unconnected or has no load
WARNING: [Synth 8-7129] Port sw_b[31] in module design_1_adpt_in_0_0 is either unconnected or has no load
WARNING: [Synth 8-7129] Port sw_b[30] in module design_1_adpt_in_0_0 is either unconnected or has no load
WARNING: [Synth 8-7129] Port sw_b[29] in module design_1_adpt_in_0_0 is either unconnected or has no load
WARNING: [Synth 8-7129] Port sw_b[28] in module design_1_adpt_in_0_0 is either unconnected or has no load
WARNING: [Synth 8-7129] Port sw_b[27] in module design_1_adpt_in_0_0 is either unconnected or has no load
WARNING: [Synth 8-7129] Port sw_b[26] in module design_1_adpt_in_0_0 is either unconnected or has no load
WARNING: [Synth 8-7129] Port sw_b[25] in module design_1_adpt_in_0_0 is either unconnected or has no load
WARNING: [Synth 8-7129] Port sw_b[24] in module design_1_adpt_in_0_0 is either unconnected or has no load
WARNING: [Synth 8-7129] Port sw_b[23] in module design_1_adpt_in_0_0 is either unconnected or has no load
WARNING: [Synth 8-7129] Port sw_b[22] in module design_1_adpt_in_0_0 is either unconnected or has no load
WARNING: [Synth 8-7129] Port sw_b[21] in module design_1_adpt_in_0_0 is either unconnected or has no load
WARNING: [Synth 8-7129] Port sw_b[20] in module design_1_adpt_in_0_0 is either unconnected or has no load
WARNING: [Synth 8-7129] Port sw_b[19] in module design_1_adpt_in_0_0 is either unconnected or has no load
WARNING: [Synth 8-7129] Port sw_b[18] in module design_1_adpt_in_0_0 is either unconnected or has no load
WARNING: [Synth 8-7129] Port sw_b[17] in module design_1_adpt_in_0_0 is either unconnected or has no load
WARNING: [Synth 8-7129] Port sw_b[16] in module design_1_adpt_in_0_0 is either unconnected or has no load
WARNING: [Synth 8-7129] Port sw_b[15] in module design_1_adpt_in_0_0 is either unconnected or has no load
WARNING: [Synth 8-7129] Port sw_b[14] in module design_1_adpt_in_0_0 is either unconnected or has no load
WARNING: [Synth 8-7129] Port sw_b[13] in module design_1_adpt_in_0_0 is either unconnected or has no load
WARNING: [Synth 8-7129] Port sw_b[12] in module design_1_adpt_in_0_0 is either unconnected or has no load
WARNING: [Synth 8-7129] Port sw_b[11] in module design_1_adpt_in_0_0 is either unconnected or has no load
WARNING: [Synth 8-7129] Port sw_b[10] in module design_1_adpt_in_0_0 is either unconnected or has no load
WARNING: [Synth 8-7129] Port sw_b[9] in module design_1_adpt_in_0_0 is either unconnected or has no load
INFO: [Common 17-14] Message 'Synth 8-7129' appears 100 times and further instances of the messages will be disabled. Use the Tcl command set_msg_config to change the current settings.
---------------------------------------------------------------------------------
Finished Cross Boundary and Area Optimization : Time (s): cpu = 00:00:20 ; elapsed = 00:00:31 . Memory (MB): peak = 1214.879 ; gain = 601.816
---------------------------------------------------------------------------------
---------------------------------------------------------------------------------
Start Applying XDC Timing Constraints
---------------------------------------------------------------------------------
---------------------------------------------------------------------------------
Finished Applying XDC Timing Constraints : Time (s): cpu = 00:00:28 ; elapsed = 00:00:40 . Memory (MB): peak = 1371.422 ; gain = 758.359
---------------------------------------------------------------------------------
---------------------------------------------------------------------------------
Start Timing Optimization
---------------------------------------------------------------------------------
---------------------------------------------------------------------------------
Finished Timing Optimization : Time (s): cpu = 00:00:28 ; elapsed = 00:00:40 . Memory (MB): peak = 1371.422 ; gain = 758.359
---------------------------------------------------------------------------------
---------------------------------------------------------------------------------
Start Technology Mapping
---------------------------------------------------------------------------------
---------------------------------------------------------------------------------
Finished Technology Mapping : Time (s): cpu = 00:00:28 ; elapsed = 00:00:40 . Memory (MB): peak = 1380.980 ; gain = 767.918
---------------------------------------------------------------------------------
---------------------------------------------------------------------------------
Start IO Insertion
---------------------------------------------------------------------------------
---------------------------------------------------------------------------------
Start Flattening Before IO Insertion
---------------------------------------------------------------------------------
---------------------------------------------------------------------------------
Finished Flattening Before IO Insertion
---------------------------------------------------------------------------------
---------------------------------------------------------------------------------
Start Final Netlist Cleanup
---------------------------------------------------------------------------------
---------------------------------------------------------------------------------
Finished Final Netlist Cleanup
---------------------------------------------------------------------------------
---------------------------------------------------------------------------------
Finished IO Insertion : Time (s): cpu = 00:00:33 ; elapsed = 00:01:00 . Memory (MB): peak = 1597.719 ; gain = 984.656
---------------------------------------------------------------------------------
---------------------------------------------------------------------------------
Start Renaming Generated Instances
---------------------------------------------------------------------------------
---------------------------------------------------------------------------------
Finished Renaming Generated Instances : Time (s): cpu = 00:00:33 ; elapsed = 00:01:00 . Memory (MB): peak = 1597.719 ; gain = 984.656
---------------------------------------------------------------------------------
---------------------------------------------------------------------------------
Start Rebuilding User Hierarchy
---------------------------------------------------------------------------------
---------------------------------------------------------------------------------
Finished Rebuilding User Hierarchy : Time (s): cpu = 00:00:33 ; elapsed = 00:01:00 . Memory (MB): peak = 1597.719 ; gain = 984.656
---------------------------------------------------------------------------------
---------------------------------------------------------------------------------
Start Renaming Generated Ports
---------------------------------------------------------------------------------
---------------------------------------------------------------------------------
Finished Renaming Generated Ports : Time (s): cpu = 00:00:33 ; elapsed = 00:01:00 . Memory (MB): peak = 1597.719 ; gain = 984.656
---------------------------------------------------------------------------------
---------------------------------------------------------------------------------
Start Handling Custom Attributes
---------------------------------------------------------------------------------
---------------------------------------------------------------------------------
Finished Handling Custom Attributes : Time (s): cpu = 00:00:33 ; elapsed = 00:01:00 . Memory (MB): peak = 1597.719 ; gain = 984.656
---------------------------------------------------------------------------------
---------------------------------------------------------------------------------
Start Renaming Generated Nets
---------------------------------------------------------------------------------
---------------------------------------------------------------------------------
Finished Renaming Generated Nets : Time (s): cpu = 00:00:33 ; elapsed = 00:01:00 . Memory (MB): peak = 1597.719 ; gain = 984.656
---------------------------------------------------------------------------------
---------------------------------------------------------------------------------
Start Writing Synthesis Report
---------------------------------------------------------------------------------

Report BlackBoxes: 
+-+--------------+----------+
| |BlackBox name |Instances |
+-+--------------+----------+
+-+--------------+----------+

Report Cell Usage: 
+------+-----+------+
|      |Cell |Count |
+------+-----+------+
|1     |LUT1 |    11|
+------+-----+------+
---------------------------------------------------------------------------------
Finished Writing Synthesis Report : Time (s): cpu = 00:00:33 ; elapsed = 00:01:00 . Memory (MB): peak = 1597.719 ; gain = 984.656
---------------------------------------------------------------------------------
Synthesis finished with 0 errors, 0 critical warnings and 54 warnings.
Synthesis Optimization Runtime : Time (s): cpu = 00:00:24 ; elapsed = 00:01:03 . Memory (MB): peak = 1597.719 ; gain = 974.438
Synthesis Optimization Complete : Time (s): cpu = 00:00:34 ; elapsed = 00:01:06 . Memory (MB): peak = 1597.719 ; gain = 984.656
INFO: [Project 1-571] Translating synthesized netlist
Netlist sorting complete. Time (s): cpu = 00:00:00 ; elapsed = 00:00:00.002 . Memory (MB): peak = 1597.719 ; gain = 0.000
INFO: [Project 1-570] Preparing netlist for logic optimization
INFO: [Opt 31-138] Pushed 0 inverter(s) to 0 load pin(s).
Netlist sorting complete. Time (s): cpu = 00:00:00 ; elapsed = 00:00:00 . Memory (MB): peak = 1597.719 ; gain = 0.000
INFO: [Project 1-111] Unisim Transformation Summary:
No Unisim elements were transformed.

Synth Design complete | Checksum: fbb58aab
INFO: [Common 17-83] Releasing license: Synthesis
22 Infos, 103 Warnings, 0 Critical Warnings and 0 Errors encountered.
synth_design completed successfully
synth_design: Time (s): cpu = 00:00:39 ; elapsed = 00:01:22 . Memory (MB): peak = 1597.719 ; gain = 1214.398
INFO: [Common 17-1381] The checkpoint 'F:/Haoyang_Sun/experiments/labs/lab12/lab12.runs/design_1_adpt_in_0_0_synth_1/design_1_adpt_in_0_0.dcp' has been generated.
INFO: [Vivado 12-24828] Executing command : report_utilization -file design_1_adpt_in_0_0_utilization_synth.rpt -pb design_1_adpt_in_0_0_utilization_synth.pb
INFO: [Common 17-206] Exiting Vivado at Sat Dec  6 16:57:31 2025...
