
*** Running vivado
    with args -log design_1_rom1_256x24_0_0.vds -m64 -product Vivado -mode batch -messageDb vivado.pb -notrace -source design_1_rom1_256x24_0_0.tcl



****** Vivado v2024.2 (64-bit)
  **** SW Build 5239630 on Fri Nov 08 22:35:27 MST 2024
  **** IP Build 5239520 on Sun Nov 10 16:12:51 MST 2024
  **** SharedData Build 5239561 on Fri Nov 08 14:39:27 MST 2024
  **** Start of session at: Mon Dec 15 00:00:09 2025
    ** Copyright 1986-2022 Xilinx, Inc. All Rights Reserved.
    ** Copyright 2022-2024 Advanced Micro Devices, Inc. All Rights Reserved.

source design_1_rom1_256x24_0_0.tcl -notrace
INFO: [IP_Flow 19-234] Refreshing IP repositories
INFO: [IP_Flow 19-1700] Loaded user IP repository 'f:/Haoyang_Sun/experiments/cg_fpga_slim_1_4'.
INFO: [IP_Flow 19-1700] Loaded user IP repository 'f:/Haoyang_Sun/experiments/ip_repo'.
INFO: [IP_Flow 19-2313] Loaded Vivado IP repository 'E:/vivado/Vivado/2024.2/data/ip'.
Command: synth_design -top design_1_rom1_256x24_0_0 -part xc7z020clg400-1 -incremental_mode off -mode out_of_context
Starting synth_design
Attempting to get a license for feature 'Synthesis' and/or device 'xc7z020'
INFO: [Common 17-349] Got license for feature 'Synthesis' and/or device 'xc7z020'
INFO: [Device 21-403] Loading part xc7z020clg400-1
INFO: [Synth 8-7079] Multithreading enabled for synth_design using a maximum of 2 processes.
INFO: [Synth 8-7078] Launching helper process for spawning children vivado processes
INFO: [Synth 8-7075] Helper process launched with PID 32256
---------------------------------------------------------------------------------
Starting RTL Elaboration : Time (s): cpu = 00:00:06 ; elapsed = 00:00:16 . Memory (MB): peak = 1081.148 ; gain = 465.660
---------------------------------------------------------------------------------
INFO: [Synth 8-6157] synthesizing module 'design_1_rom1_256x24_0_0' [f:/Haoyang_Sun/experiments/labs/lab14/lab14.gen/sources_1/bd/design_1/ip/design_1_rom1_256x24_0_0/synth/design_1_rom1_256x24_0_0.v:53]
INFO: [Synth 8-6157] synthesizing module 'rom1_256x24' [F:/Haoyang_Sun/experiments/labs/lab14/exp14_source.v:136]
INFO: [Synth 8-6157] synthesizing module 'rom1' [F:/Haoyang_Sun/experiments/labs/lab14/lab14.runs/design_1_rom1_256x24_0_0_synth_1/.Xil/Vivado-22864-SKULL/realtime/rom1_stub.v:6]
INFO: [Synth 8-6155] done synthesizing module 'rom1' (0#1) [F:/Haoyang_Sun/experiments/labs/lab14/lab14.runs/design_1_rom1_256x24_0_0_synth_1/.Xil/Vivado-22864-SKULL/realtime/rom1_stub.v:6]
WARNING: [Synth 8-689] width (8) of port connection 'addra' does not match port width (4) of module 'rom1' [F:/Haoyang_Sun/experiments/labs/lab14/exp14_source.v:146]
WARNING: [Synth 8-689] width (24) of port connection 'douta' does not match port width (16) of module 'rom1' [F:/Haoyang_Sun/experiments/labs/lab14/exp14_source.v:147]
INFO: [Synth 8-6155] done synthesizing module 'rom1_256x24' (0#1) [F:/Haoyang_Sun/experiments/labs/lab14/exp14_source.v:136]
INFO: [Synth 8-6155] done synthesizing module 'design_1_rom1_256x24_0_0' (0#1) [f:/Haoyang_Sun/experiments/labs/lab14/lab14.gen/sources_1/bd/design_1/ip/design_1_rom1_256x24_0_0/synth/design_1_rom1_256x24_0_0.v:53]
WARNING: [Synth 8-7129] Port address[7] in module rom1_256x24 is either unconnected or has no load
WARNING: [Synth 8-7129] Port address[6] in module rom1_256x24 is either unconnected or has no load
WARNING: [Synth 8-7129] Port address[5] in module rom1_256x24 is either unconnected or has no load
WARNING: [Synth 8-7129] Port address[4] in module rom1_256x24 is either unconnected or has no load
---------------------------------------------------------------------------------
Finished RTL Elaboration : Time (s): cpu = 00:00:08 ; elapsed = 00:00:18 . Memory (MB): peak = 1191.621 ; gain = 576.133
---------------------------------------------------------------------------------
---------------------------------------------------------------------------------
Start Handling Custom Attributes
---------------------------------------------------------------------------------
---------------------------------------------------------------------------------
Finished Handling Custom Attributes : Time (s): cpu = 00:00:08 ; elapsed = 00:00:18 . Memory (MB): peak = 1191.621 ; gain = 576.133
---------------------------------------------------------------------------------
---------------------------------------------------------------------------------
Finished RTL Optimization Phase 1 : Time (s): cpu = 00:00:08 ; elapsed = 00:00:18 . Memory (MB): peak = 1191.621 ; gain = 576.133
---------------------------------------------------------------------------------
Netlist sorting complete. Time (s): cpu = 00:00:00 ; elapsed = 00:00:00 . Memory (MB): peak = 1191.621 ; gain = 0.000
INFO: [Project 1-570] Preparing netlist for logic optimization

Processing XDC Constraints
Initializing timing engine
Parsing XDC File [f:/Haoyang_Sun/experiments/labs/lab14/lab14.gen/sources_1/ip/rom1/rom1/rom1_in_context.xdc] for cell 'inst/rom1_i'
Finished Parsing XDC File [f:/Haoyang_Sun/experiments/labs/lab14/lab14.gen/sources_1/ip/rom1/rom1/rom1_in_context.xdc] for cell 'inst/rom1_i'
Parsing XDC File [F:/Haoyang_Sun/experiments/labs/lab14/lab14.runs/design_1_rom1_256x24_0_0_synth_1/dont_touch.xdc]
Finished Parsing XDC File [F:/Haoyang_Sun/experiments/labs/lab14/lab14.runs/design_1_rom1_256x24_0_0_synth_1/dont_touch.xdc]
Completed Processing XDC Constraints

Netlist sorting complete. Time (s): cpu = 00:00:00 ; elapsed = 00:00:00 . Memory (MB): peak = 1191.621 ; gain = 0.000
INFO: [Project 1-111] Unisim Transformation Summary:
No Unisim elements were transformed.

Constraint Validation Runtime : Time (s): cpu = 00:00:00 ; elapsed = 00:00:00.041 . Memory (MB): peak = 1192.781 ; gain = 1.160
INFO: [Designutils 20-5008] Incremental synthesis strategy off
---------------------------------------------------------------------------------
Finished Constraint Validation : Time (s): cpu = 00:00:17 ; elapsed = 00:00:29 . Memory (MB): peak = 1192.781 ; gain = 577.293
---------------------------------------------------------------------------------
---------------------------------------------------------------------------------
Start Loading Part and Timing Information
---------------------------------------------------------------------------------
Loading part: xc7z020clg400-1
---------------------------------------------------------------------------------
Finished Loading Part and Timing Information : Time (s): cpu = 00:00:17 ; elapsed = 00:00:29 . Memory (MB): peak = 1192.781 ; gain = 577.293
---------------------------------------------------------------------------------
---------------------------------------------------------------------------------
Start Applying 'set_property' XDC Constraints
---------------------------------------------------------------------------------
Applied set_property KEEP_HIERARCHY = SOFT for inst/rom1_i. (constraint file  auto generated constraint).
---------------------------------------------------------------------------------
Finished applying 'set_property' XDC Constraints : Time (s): cpu = 00:00:17 ; elapsed = 00:00:29 . Memory (MB): peak = 1192.781 ; gain = 577.293
---------------------------------------------------------------------------------
---------------------------------------------------------------------------------
Finished RTL Optimization Phase 2 : Time (s): cpu = 00:00:17 ; elapsed = 00:00:29 . Memory (MB): peak = 1192.781 ; gain = 577.293
---------------------------------------------------------------------------------
---------------------------------------------------------------------------------
Start RTL Component Statistics 
---------------------------------------------------------------------------------
Detailed RTL Component Info : 
---------------------------------------------------------------------------------
Finished RTL Component Statistics 
---------------------------------------------------------------------------------
---------------------------------------------------------------------------------
Start Part Resource Summary
---------------------------------------------------------------------------------
Part Resources:
DSPs: 220 (col length:60)
BRAMs: 280 (col length: RAMB18 60 RAMB36 30)
---------------------------------------------------------------------------------
Finished Part Resource Summary
---------------------------------------------------------------------------------
---------------------------------------------------------------------------------
Start Cross Boundary and Area Optimization
---------------------------------------------------------------------------------
WARNING: [Synth 8-7080] Parallel synthesis criteria is not met
INFO: [Synth 8-3917] design design_1_rom1_256x24_0_0 has port q[23] driven by constant 0
INFO: [Synth 8-3917] design design_1_rom1_256x24_0_0 has port q[22] driven by constant 0
INFO: [Synth 8-3917] design design_1_rom1_256x24_0_0 has port q[21] driven by constant 0
INFO: [Synth 8-3917] design design_1_rom1_256x24_0_0 has port q[20] driven by constant 0
INFO: [Synth 8-3917] design design_1_rom1_256x24_0_0 has port q[19] driven by constant 0
INFO: [Synth 8-3917] design design_1_rom1_256x24_0_0 has port q[18] driven by constant 0
INFO: [Synth 8-3917] design design_1_rom1_256x24_0_0 has port q[17] driven by constant 0
INFO: [Synth 8-3917] design design_1_rom1_256x24_0_0 has port q[16] driven by constant 0
WARNING: [Synth 8-7129] Port address[7] in module design_1_rom1_256x24_0_0 is either unconnected or has no load
WARNING: [Synth 8-7129] Port address[6] in module design_1_rom1_256x24_0_0 is either unconnected or has no load
WARNING: [Synth 8-7129] Port address[5] in module design_1_rom1_256x24_0_0 is either unconnected or has no load
WARNING: [Synth 8-7129] Port address[4] in module design_1_rom1_256x24_0_0 is either unconnected or has no load
---------------------------------------------------------------------------------
Finished Cross Boundary and Area Optimization : Time (s): cpu = 00:00:20 ; elapsed = 00:00:32 . Memory (MB): peak = 1192.781 ; gain = 577.293
---------------------------------------------------------------------------------
---------------------------------------------------------------------------------
Start Applying XDC Timing Constraints
---------------------------------------------------------------------------------
---------------------------------------------------------------------------------
Finished Applying XDC Timing Constraints : Time (s): cpu = 00:00:28 ; elapsed = 00:00:42 . Memory (MB): peak = 1360.023 ; gain = 744.535
---------------------------------------------------------------------------------
---------------------------------------------------------------------------------
Start Timing Optimization
---------------------------------------------------------------------------------
---------------------------------------------------------------------------------
Finished Timing Optimization : Time (s): cpu = 00:00:28 ; elapsed = 00:00:42 . Memory (MB): peak = 1360.023 ; gain = 744.535
---------------------------------------------------------------------------------
---------------------------------------------------------------------------------
Start Technology Mapping
---------------------------------------------------------------------------------
---------------------------------------------------------------------------------
Finished Technology Mapping : Time (s): cpu = 00:00:28 ; elapsed = 00:00:42 . Memory (MB): peak = 1369.586 ; gain = 754.098
---------------------------------------------------------------------------------
---------------------------------------------------------------------------------
Start IO Insertion
---------------------------------------------------------------------------------
---------------------------------------------------------------------------------
Start Flattening Before IO Insertion
---------------------------------------------------------------------------------
---------------------------------------------------------------------------------
Finished Flattening Before IO Insertion
---------------------------------------------------------------------------------
---------------------------------------------------------------------------------
Start Final Netlist Cleanup
---------------------------------------------------------------------------------
---------------------------------------------------------------------------------
Finished Final Netlist Cleanup
---------------------------------------------------------------------------------
---------------------------------------------------------------------------------
Finished IO Insertion : Time (s): cpu = 00:00:33 ; elapsed = 00:01:01 . Memory (MB): peak = 1586.379 ; gain = 970.891
---------------------------------------------------------------------------------
---------------------------------------------------------------------------------
Start Renaming Generated Instances
---------------------------------------------------------------------------------
---------------------------------------------------------------------------------
Finished Renaming Generated Instances : Time (s): cpu = 00:00:33 ; elapsed = 00:01:01 . Memory (MB): peak = 1586.379 ; gain = 970.891
---------------------------------------------------------------------------------
---------------------------------------------------------------------------------
Start Rebuilding User Hierarchy
---------------------------------------------------------------------------------
---------------------------------------------------------------------------------
Finished Rebuilding User Hierarchy : Time (s): cpu = 00:00:33 ; elapsed = 00:01:01 . Memory (MB): peak = 1586.379 ; gain = 970.891
---------------------------------------------------------------------------------
---------------------------------------------------------------------------------
Start Renaming Generated Ports
---------------------------------------------------------------------------------
---------------------------------------------------------------------------------
Finished Renaming Generated Ports : Time (s): cpu = 00:00:33 ; elapsed = 00:01:01 . Memory (MB): peak = 1586.379 ; gain = 970.891
---------------------------------------------------------------------------------
---------------------------------------------------------------------------------
Start Handling Custom Attributes
---------------------------------------------------------------------------------
---------------------------------------------------------------------------------
Finished Handling Custom Attributes : Time (s): cpu = 00:00:33 ; elapsed = 00:01:01 . Memory (MB): peak = 1586.379 ; gain = 970.891
---------------------------------------------------------------------------------
---------------------------------------------------------------------------------
Start Renaming Generated Nets
---------------------------------------------------------------------------------
---------------------------------------------------------------------------------
Finished Renaming Generated Nets : Time (s): cpu = 00:00:33 ; elapsed = 00:01:01 . Memory (MB): peak = 1586.379 ; gain = 970.891
---------------------------------------------------------------------------------
---------------------------------------------------------------------------------
Start Writing Synthesis Report
---------------------------------------------------------------------------------

Report BlackBoxes: 
+------+--------------+----------+
|      |BlackBox name |Instances |
+------+--------------+----------+
|1     |rom1          |         1|
+------+--------------+----------+

Report Cell Usage: 
+------+-----+------+
|      |Cell |Count |
+------+-----+------+
|1     |rom1 |     1|
+------+-----+------+
---------------------------------------------------------------------------------
Finished Writing Synthesis Report : Time (s): cpu = 00:00:33 ; elapsed = 00:01:01 . Memory (MB): peak = 1586.379 ; gain = 970.891
---------------------------------------------------------------------------------
Synthesis finished with 0 errors, 0 critical warnings and 5 warnings.
Synthesis Optimization Runtime : Time (s): cpu = 00:00:24 ; elapsed = 00:01:07 . Memory (MB): peak = 1586.379 ; gain = 969.730
Synthesis Optimization Complete : Time (s): cpu = 00:00:34 ; elapsed = 00:01:10 . Memory (MB): peak = 1586.379 ; gain = 970.891
INFO: [Project 1-571] Translating synthesized netlist
Netlist sorting complete. Time (s): cpu = 00:00:00 ; elapsed = 00:00:00 . Memory (MB): peak = 1586.379 ; gain = 0.000
INFO: [Project 1-570] Preparing netlist for logic optimization
INFO: [Opt 31-138] Pushed 0 inverter(s) to 0 load pin(s).
Netlist sorting complete. Time (s): cpu = 00:00:00 ; elapsed = 00:00:00 . Memory (MB): peak = 1586.379 ; gain = 0.000
INFO: [Project 1-111] Unisim Transformation Summary:
No Unisim elements were transformed.

Synth Design complete | Checksum: 88212465
INFO: [Common 17-83] Releasing license: Synthesis
31 Infos, 11 Warnings, 0 Critical Warnings and 0 Errors encountered.
synth_design completed successfully
synth_design: Time (s): cpu = 00:00:38 ; elapsed = 00:01:29 . Memory (MB): peak = 1586.379 ; gain = 1207.504
INFO: [Coretcl 2-1174] Renamed 2 cell refs.
INFO: [Common 17-1381] The checkpoint 'F:/Haoyang_Sun/experiments/labs/lab14/lab14.runs/design_1_rom1_256x24_0_0_synth_1/design_1_rom1_256x24_0_0.dcp' has been generated.
INFO: [Vivado 12-24828] Executing command : report_utilization -file design_1_rom1_256x24_0_0_utilization_synth.rpt -pb design_1_rom1_256x24_0_0_utilization_synth.pb
INFO: [Common 17-206] Exiting Vivado at Mon Dec 15 00:01:47 2025...
