#-----------------------------------------------------------
# Vivado v2024.2 (64-bit)
# SW Build 5239630 on Fri Nov 08 22:35:27 MST 2024
# IP Build 5239520 on Sun Nov 10 16:12:51 MST 2024
# SharedData Build 5239561 on Fri Nov 08 14:39:27 MST 2024
# Start of session at: Sun Nov 30 15:55:49 2025
# Process ID         : 24752
# Current directory  : F:/Haoyang_Sun/experiments/labs/lab6
# Command line       : vivado.exe -gui_launcher_event rodinguilauncherevent21472 F:\Haoyang_Sun\experiments\labs\lab6\lab6.xpr
# Log file           : F:/Haoyang_Sun/experiments/labs/lab6/vivado.log
# Journal file       : F:/Haoyang_Sun/experiments/labs/lab6\vivado.jou
# Running On         : SKULL
# Platform           : Windows Server 2016 or Windows 10
# Operating System   : 26200
# Processor Detail   : Intel(R) Core(TM) i9-14900HX
# CPU Frequency      : 2419 MHz
# CPU Physical cores : 24
# CPU Logical cores  : 32
# Host memory        : 16890 MB
# Swap memory        : 8053 MB
# Total Virtual      : 24943 MB
# Available Virtual  : 12517 MB
#-----------------------------------------------------------
start_gui
open_project F:/Haoyang_Sun/experiments/labs/lab6/lab6.xpr
INFO: [Project 1-313] Project file moved from 'D:/vivadoRepo/lab6' since last save.
WARNING: [filemgmt 56-3] Board Part Repository Path: Could not find the directory 'C:/Users/11/AppData/Roaming/Xilinx/Vivado/2024.2/xhub/board_store/xilinx_board_store'.
WARNING: [filemgmt 56-2] IP Repository Path: Could not find the directory 'F:/Haoyang_Sun/experiments/labs/ip_repo', nor could it be found using path 'D:/vivadoRepo/ip_repo'.
WARNING: [filemgmt 56-2] IP Repository Path: Could not find the directory 'F:/Haoyang_Sun/experiments/labs/cg_fpga_slim_1_4', nor could it be found using path 'D:/vivadoRepo/cg_fpga_slim_1_4'.
Scanning sources...
Finished scanning sources
INFO: [IP_Flow 19-234] Refreshing IP repositories
WARNING: [IP_Flow 19-2248] Failed to load user IP repository 'f:/Haoyang_Sun/experiments/labs/ip_repo'; Can't find the specified path.
If this directory should no longer be in your list of user repositories, go to the IP Settings dialog and remove it.
WARNING: [IP_Flow 19-2248] Failed to load user IP repository 'f:/Haoyang_Sun/experiments/labs/cg_fpga_slim_1_4'; Can't find the specified path.
If this directory should no longer be in your list of user repositories, go to the IP Settings dialog and remove it.
INFO: [IP_Flow 19-2313] Loaded Vivado IP repository 'E:/vivado/Vivado/2024.2/data/ip'.
WARNING: [BD 41-1661] One or more IPs have been locked in the design 'design_1.bd'. Please run report_ip_status for more details and recommendations on how to fix this issue.
List of locked IPs:
design_1_cg_fpga_0_0

INFO: [Project 1-5579] Found utility IPs instantiated in one or more block designs which have equivalent inline hdl with improved performance and reduced diskspace. It is recommended to migrate these utility IPs to inline hdl using the command upgrade_project -migrate_to_inline_hdl. The utility IPs may be deprecated in future releases. More information on inline hdl is available in UG994.
update_compile_order -fileset sources_1
open_bd_design {F:/Haoyang_Sun/experiments/labs/lab6/lab6.srcs/sources_1/bd/design_1/design_1.bd}
Reading block design file <F:/Haoyang_Sun/experiments/labs/lab6/lab6.srcs/sources_1/bd/design_1/design_1.bd>...
Adding component instance block -- educg.net:user:cg_fpga:1.4 - cg_fpga_0
Adding component instance block -- xilinx.com:module_ref:adpt_in:1.0 - adpt_in_0
Adding component instance block -- xilinx.com:module_ref:m74194:1.0 - m74194_0
Adding component instance block -- xilinx.com:module_ref:m74194:1.0 - m74194_1
Adding component instance block -- xilinx.com:module_ref:adpt_out:1.0 - adpt_out_0
Adding component instance block -- xilinx.com:module_ref:or0:1.0 - or0_0
Adding component instance block -- xilinx.com:module_ref:or0:1.0 - or0_1
Adding component instance block -- xilinx.com:ip:xlconstant:1.1 - xlconstant_0
Successfully read diagram <design_1> from block design file <F:/Haoyang_Sun/experiments/labs/lab6/lab6.srcs/sources_1/bd/design_1/design_1.bd>
open_project F:/Haoyang_Sun/experiments/labs/lab7/lab7.xpr
INFO: [Project 1-313] Project file moved from 'D:/vivadoRepo/lab7' since last save.
WARNING: [filemgmt 56-3] Board Part Repository Path: Could not find the directory 'C:/Users/11/AppData/Roaming/Xilinx/Vivado/2024.2/xhub/board_store/xilinx_board_store'.
WARNING: [filemgmt 56-2] IP Repository Path: Could not find the directory 'F:/Haoyang_Sun/experiments/labs/ip_repo', nor could it be found using path 'D:/vivadoRepo/ip_repo'.
WARNING: [filemgmt 56-2] IP Repository Path: Could not find the directory 'F:/Haoyang_Sun/experiments/labs/cg_fpga_slim_1_4', nor could it be found using path 'D:/vivadoRepo/cg_fpga_slim_1_4'.
Scanning sources...
Finished scanning sources
INFO: [IP_Flow 19-234] Refreshing IP repositories
WARNING: [IP_Flow 19-2248] Failed to load user IP repository 'f:/Haoyang_Sun/experiments/labs/ip_repo'; Can't find the specified path.
If this directory should no longer be in your list of user repositories, go to the IP Settings dialog and remove it.
WARNING: [IP_Flow 19-2248] Failed to load user IP repository 'f:/Haoyang_Sun/experiments/labs/cg_fpga_slim_1_4'; Can't find the specified path.
If this directory should no longer be in your list of user repositories, go to the IP Settings dialog and remove it.
INFO: [IP_Flow 19-2313] Loaded Vivado IP repository 'E:/vivado/Vivado/2024.2/data/ip'.
WARNING: [BD 41-1661] One or more IPs have been locked in the design 'design_1.bd'. Please run report_ip_status for more details and recommendations on how to fix this issue.
List of locked IPs:
design_1_cg_fpga_0_0

open_project: Time (s): cpu = 00:00:08 ; elapsed = 00:00:05 . Memory (MB): peak = 1434.613 ; gain = 96.309
current_project lab6
current_project lab7
open_bd_design {F:/Haoyang_Sun/experiments/labs/lab7/lab7.srcs/sources_1/bd/design_1/design_1.bd}
Reading block design file <F:/Haoyang_Sun/experiments/labs/lab7/lab7.srcs/sources_1/bd/design_1/design_1.bd>...
Adding component instance block -- educg.net:user:cg_fpga:1.4 - cg_fpga_0
Adding component instance block -- xilinx.com:module_ref:adpt_in:1.0 - adpt_in_0
Adding component instance block -- xilinx.com:module_ref:FA:1.0 - FA_0
Adding component instance block -- xilinx.com:module_ref:xor2:1.0 - xor2_0
Adding component instance block -- xilinx.com:module_ref:xor2:1.0 - xor2_1
Adding component instance block -- xilinx.com:module_ref:xor2:1.0 - xor2_2
Adding component instance block -- xilinx.com:module_ref:xor2:1.0 - xor2_3
Adding component instance block -- xilinx.com:module_ref:xor2:1.0 - xor2_4
Adding component instance block -- xilinx.com:module_ref:xor2:1.0 - xor2_5
Adding component instance block -- xilinx.com:module_ref:xor2:1.0 - xor2_6
Adding component instance block -- xilinx.com:module_ref:xor2:1.0 - xor2_7
Adding component instance block -- xilinx.com:module_ref:adpt_out:1.0 - adpt_out_0
Adding component instance block -- xilinx.com:module_ref:FA:1.0 - FA_1
Adding component instance block -- xilinx.com:module_ref:FA:1.0 - FA_2
Adding component instance block -- xilinx.com:module_ref:FA:1.0 - FA_3
Adding component instance block -- xilinx.com:module_ref:FA:1.0 - FA_4
Adding component instance block -- xilinx.com:module_ref:FA:1.0 - FA_5
Adding component instance block -- xilinx.com:module_ref:FA:1.0 - FA_6
Adding component instance block -- xilinx.com:module_ref:FA:1.0 - FA_7
Adding component instance block -- xilinx.com:module_ref:xor2:1.0 - xor2_8
Successfully read diagram <design_1> from block design file <F:/Haoyang_Sun/experiments/labs/lab7/lab7.srcs/sources_1/bd/design_1/design_1.bd>
current_project lab6
close_project
exit
INFO: [Common 17-206] Exiting Vivado at Sun Nov 30 21:29:52 2025...
