#-----------------------------------------------------------
# Vivado v2024.2 (64-bit)
# SW Build 5239630 on Fri Nov 08 22:35:27 MST 2024
# IP Build 5239520 on Sun Nov 10 16:12:51 MST 2024
# SharedData Build 5239561 on Fri Nov 08 14:39:27 MST 2024
# Start of session at: Sat Dec  6 12:54:55 2025
# Process ID         : 4560
# Current directory  : F:/Haoyang_Sun/experiments/labs/lab7
# Command line       : vivado.exe -gui_launcher_event rodinguilauncherevent12460 F:\Haoyang_Sun\experiments\labs\lab7\lab7.xpr
# Log file           : F:/Haoyang_Sun/experiments/labs/lab7/vivado.log
# Journal file       : F:/Haoyang_Sun/experiments/labs/lab7\vivado.jou
# Running On         : SKULL
# Platform           : Windows Server 2016 or Windows 10
# Operating System   : 26200
# Processor Detail   : Intel(R) Core(TM) i9-14900HX
# CPU Frequency      : 2419 MHz
# CPU Physical cores : 24
# CPU Logical cores  : 32
# Host memory        : 16890 MB
# Swap memory        : 8995 MB
# Total Virtual      : 25886 MB
# Available Virtual  : 9514 MB
#-----------------------------------------------------------
start_gui
open_project F:/Haoyang_Sun/experiments/labs/lab7/lab7.xpr
